Component: ARM Compiler 5.06 update 7 (build 960) Tool: armlink [4d3601]

==============================================================================

Section Cross References

    startup_stm32f10x_md.o(RESET) refers to startup_stm32f10x_md.o(STACK) for __initial_sp
    startup_stm32f10x_md.o(RESET) refers to startup_stm32f10x_md.o(.text) for Reset_Handler
    startup_stm32f10x_md.o(RESET) refers to stm32f10x_it.o(i.NMI_Handler) for NMI_Handler
    startup_stm32f10x_md.o(RESET) refers to stm32f10x_it.o(i.HardFault_Handler) for HardFault_Handler
    startup_stm32f10x_md.o(RESET) refers to stm32f10x_it.o(i.MemManage_Handler) for MemManage_Handler
    startup_stm32f10x_md.o(RESET) refers to stm32f10x_it.o(i.BusFault_Handler) for BusFault_Handler
    startup_stm32f10x_md.o(RESET) refers to stm32f10x_it.o(i.UsageFault_Handler) for UsageFault_Handler
    startup_stm32f10x_md.o(RESET) refers to stm32f10x_it.o(i.SVC_Handler) for SVC_Handler
    startup_stm32f10x_md.o(RESET) refers to stm32f10x_it.o(i.DebugMon_Handler) for DebugMon_Handler
    startup_stm32f10x_md.o(RESET) refers to stm32f10x_it.o(i.PendSV_Handler) for PendSV_Handler
    startup_stm32f10x_md.o(RESET) refers to stm32f10x_it.o(i.SysTick_Handler) for SysTick_Handler
    startup_stm32f10x_md.o(RESET) refers to timer.o(i.TIM3_IRQHandler) for TIM3_IRQHandler
    startup_stm32f10x_md.o(RESET) refers to main.o(i.TIM4_IRQHandler) for TIM4_IRQHandler
    startup_stm32f10x_md.o(RESET) refers to usart.o(i.USART1_IRQHandler) for USART1_IRQHandler
    startup_stm32f10x_md.o(.text) refers to system_stm32f10x.o(i.SystemInit) for SystemInit
    startup_stm32f10x_md.o(.text) refers to entry.o(.ARM.Collect$$$$00000000) for __main
    system_stm32f10x.o(i.SetSysClock) refers to system_stm32f10x.o(i.SetSysClockTo72) for SetSysClockTo72
    system_stm32f10x.o(i.SystemCoreClockUpdate) refers to system_stm32f10x.o(.data) for SystemCoreClock
    system_stm32f10x.o(i.SystemInit) refers to system_stm32f10x.o(i.SetSysClock) for SetSysClock
    stm32f10x_adc.o(i.ADC_DeInit) refers to stm32f10x_rcc.o(i.RCC_APB2PeriphResetCmd) for RCC_APB2PeriphResetCmd
    stm32f10x_bkp.o(i.BKP_DeInit) refers to stm32f10x_rcc.o(i.RCC_BackupResetCmd) for RCC_BackupResetCmd
    stm32f10x_can.o(i.CAN_DeInit) refers to stm32f10x_rcc.o(i.RCC_APB1PeriphResetCmd) for RCC_APB1PeriphResetCmd
    stm32f10x_can.o(i.CAN_GetITStatus) refers to stm32f10x_can.o(i.CheckITStatus) for CheckITStatus
    stm32f10x_cec.o(i.CEC_DeInit) refers to stm32f10x_rcc.o(i.RCC_APB1PeriphResetCmd) for RCC_APB1PeriphResetCmd
    stm32f10x_dac.o(i.DAC_DeInit) refers to stm32f10x_rcc.o(i.RCC_APB1PeriphResetCmd) for RCC_APB1PeriphResetCmd
    stm32f10x_flash.o(i.FLASH_EnableWriteProtection) refers to stm32f10x_flash.o(i.FLASH_WaitForLastOperation) for FLASH_WaitForLastOperation
    stm32f10x_flash.o(i.FLASH_EraseAllBank1Pages) refers to stm32f10x_flash.o(i.FLASH_WaitForLastBank1Operation) for FLASH_WaitForLastBank1Operation
    stm32f10x_flash.o(i.FLASH_EraseAllPages) refers to stm32f10x_flash.o(i.FLASH_WaitForLastOperation) for FLASH_WaitForLastOperation
    stm32f10x_flash.o(i.FLASH_EraseOptionBytes) refers to stm32f10x_flash.o(i.FLASH_GetReadOutProtectionStatus) for FLASH_GetReadOutProtectionStatus
    stm32f10x_flash.o(i.FLASH_EraseOptionBytes) refers to stm32f10x_flash.o(i.FLASH_WaitForLastOperation) for FLASH_WaitForLastOperation
    stm32f10x_flash.o(i.FLASH_ErasePage) refers to stm32f10x_flash.o(i.FLASH_WaitForLastOperation) for FLASH_WaitForLastOperation
    stm32f10x_flash.o(i.FLASH_ProgramHalfWord) refers to stm32f10x_flash.o(i.FLASH_WaitForLastOperation) for FLASH_WaitForLastOperation
    stm32f10x_flash.o(i.FLASH_ProgramOptionByteData) refers to stm32f10x_flash.o(i.FLASH_WaitForLastOperation) for FLASH_WaitForLastOperation
    stm32f10x_flash.o(i.FLASH_ProgramWord) refers to stm32f10x_flash.o(i.FLASH_WaitForLastOperation) for FLASH_WaitForLastOperation
    stm32f10x_flash.o(i.FLASH_ReadOutProtection) refers to stm32f10x_flash.o(i.FLASH_WaitForLastOperation) for FLASH_WaitForLastOperation
    stm32f10x_flash.o(i.FLASH_UserOptionByteConfig) refers to stm32f10x_flash.o(i.FLASH_WaitForLastOperation) for FLASH_WaitForLastOperation
    stm32f10x_flash.o(i.FLASH_WaitForLastBank1Operation) refers to stm32f10x_flash.o(i.FLASH_GetBank1Status) for FLASH_GetBank1Status
    stm32f10x_flash.o(i.FLASH_WaitForLastOperation) refers to stm32f10x_flash.o(i.FLASH_GetBank1Status) for FLASH_GetBank1Status
    stm32f10x_gpio.o(i.GPIO_AFIODeInit) refers to stm32f10x_rcc.o(i.RCC_APB2PeriphResetCmd) for RCC_APB2PeriphResetCmd
    stm32f10x_gpio.o(i.GPIO_DeInit) refers to stm32f10x_rcc.o(i.RCC_APB2PeriphResetCmd) for RCC_APB2PeriphResetCmd
    stm32f10x_i2c.o(i.I2C_DeInit) refers to stm32f10x_rcc.o(i.RCC_APB1PeriphResetCmd) for RCC_APB1PeriphResetCmd
    stm32f10x_i2c.o(i.I2C_Init) refers to stm32f10x_rcc.o(i.RCC_GetClocksFreq) for RCC_GetClocksFreq
[...]
    i.GPIO_Init                              0x08000430   Section        0  stm32f10x_gpio.o(i.GPIO_Init)
    i.GPIO_PinRemapConfig                    0x08000548   Section        0  stm32f10x_gpio.o(i.GPIO_PinRemapConfig)
    i.GPIO_ReadInputDataBit                  0x080005d8   Section        0  stm32f10x_gpio.o(i.GPIO_ReadInputDataBit)
    i.GPIO_ReadOutputDataBit                 0x080005ea   Section        0  stm32f10x_gpio.o(i.GPIO_ReadOutputDataBit)
    i.GPIO_ResetBits                         0x080005fc   Section        0  stm32f10x_gpio.o(i.GPIO_ResetBits)
    i.GPIO_SetBits                           0x08000600   Section        0  stm32f10x_gpio.o(i.GPIO_SetBits)
    i.GPIO_WriteBit                          0x08000604   Section        0  stm32f10x_gpio.o(i.GPIO_WriteBit)
    i.HardFault_Handler                      0x0800060e   Section        0  stm32f10x_it.o(i.HardFault_Handler)
    i.IWDG_Feed                              0x08000612   Section        0  iwdg.o(i.IWDG_Feed)
    i.IWDG_ReloadCounter                     0x0800061c   Section        0  stm32f10x_iwdg.o(i.IWDG_ReloadCounter)
    i.Key_GetNum                             0x0800062c   Section        0  key.o(i.Key_GetNum)
    i.Key_Init                               0x0800068c   Section        0  key.o(i.Key_Init)
    i.L298N_Init                             0x080006b8   Section        0  l298n.o(i.L298N_Init)
    i.Led_G                                  0x080006e8   Section        0  led.o(i.Led_G)
    i.Led_Init                               0x0800070c   Section        0  led.o(i.Led_Init)
    i.Led_R                                  0x08000754   Section        0  led.o(i.Led_R)
    i.Led_twinkle                            0x08000778   Section        0  led.o(i.Led_twinkle)
    i.MemManage_Handler                      0x080007ac   Section        0  stm32f10x_it.o(i.MemManage_Handler)
    i.NMI_Handler                            0x080007b0   Section        0  stm32f10x_it.o(i.NMI_Handler)
    i.NVIC_Configuration                     0x080007b2   Section        0  sys.o(i.NVIC_Configuration)
    i.NVIC_Init                              0x080007c0   Section        0  misc.o(i.NVIC_Init)
    i.NVIC_PriorityGroupConfig               0x08000830   Section        0  misc.o(i.NVIC_PriorityGroupConfig)
    i.PWM2_Init                              0x08000844   Section        0  pwm2.o(i.PWM2_Init)
    i.PWM_Init                               0x080008e4   Section        0  pwm.o(i.PWM_Init)
    i.PWM_SetCompare2                        0x08000994   Section        0  pwm.o(i.PWM_SetCompare2)
    i.PendSV_Handler                         0x080009a4   Section        0  stm32f10x_it.o(i.PendSV_Handler)
    i.RCC_APB1PeriphClockCmd                 0x080009a8   Section        0  stm32f10x_rcc.o(i.RCC_APB1PeriphClockCmd)
    i.RCC_APB1PeriphResetCmd                 0x080009c8   Section        0  stm32f10x_rcc.o(i.RCC_APB1PeriphResetCmd)
    i.RCC_APB2PeriphClockCmd                 0x080009e8   Section        0  stm32f10x_rcc.o(i.RCC_APB2PeriphClockCmd)
    i.RCC_APB2PeriphResetCmd                 0x08000a08   Section        0  stm32f10x_rcc.o(i.RCC_APB2PeriphResetCmd)
    i.RCC_GetClocksFreq                      0x08000a28   Section        0  stm32f10x_rcc.o(i.RCC_GetClocksFreq)
    i.SVC_Handler                            0x08000afc   Section        0  stm32f10x_it.o(i.SVC_Handler)
    i.Seiral_SendMessage                     0x08000afe   Section        0  usart.o(i.Seiral_SendMessage)
    i.Seiral_SendMessage3                    0x08000b18   Section        0  usart.o(i.Seiral_SendMessage3)
    i.SendCamraData                          0x08000b34   Section        0  main.o(i.SendCamraData)
    i.SendData                               0x08000c84   Section        0  main.o(i.SendData)
    i.SendKeyData                            0x08000ccc   Section        0  main.o(i.SendKeyData)
    i.SendTrainData                          0x08000cec   Section        0  main.o(i.SendTrainData)
    i.Serila_SendData                        0x08000cfc   Section        0  usart.o(i.Serila_SendData)
    i.Serila_SendData3                       0x08000d1c   Section        0  usart.o(i.Serila_SendData3)
    i.Servo_Init                             0x08000d3c   Section        0  servo.o(i.Servo_Init)
    i.Servo_SetAngle                         0x08000d44   Section        0  servo.o(i.Servo_SetAngle)
    i.SetSysClock                            0x08000d80   Section        0  system_stm32f10x.o(i.SetSysClock)
    SetSysClock                              0x08000d81   Thumb Code     8  system_stm32f10x.o(i.SetSysClock)
    i.SetSysClockTo72                        0x08000d88   Section        0  system_stm32f10x.o(i.SetSysClockTo72)
    SetSysClockTo72                          0x08000d89   Thumb Code   214  system_stm32f10x.o(i.SetSysClockTo72)
    i.SysTick_CLKSourceConfig                0x08000e68   Section        0  misc.o(i.SysTick_CLKSourceConfig)
    i.SysTick_Handler                        0x08000e90   Section        0  stm32f10x_it.o(i.SysTick_Handler)
    i.SystemInit                             0x08000e94   Section        0  system_stm32f10x.o(i.SystemInit)
    i.TIM3_IRQHandler                        0x08000ef4   Section        0  timer.o(i.TIM3_IRQHandler)
    i.TIM4_IRQHandler                        0x08000f14   Section        0  main.o(i.TIM4_IRQHandler)
    i.TIM_ClearITPendingBit                  0x08000f38   Section        0  stm32f10x_tim.o(i.TIM_ClearITPendingBit)
    i.TIM_Cmd                                0x08000f3e   Section        0  stm32f10x_tim.o(i.TIM_Cmd)
    i.TIM_DeInit                             0x08000f58   Section        0  stm32f10x_tim.o(i.TIM_DeInit)
    i.TIM_GetITStatus                        0x08001140   Section        0  stm32f10x_tim.o(i.TIM_GetITStatus)
    i.TIM_ITConfig                           0x08001162   Section        0  stm32f10x_tim.o(i.TIM_ITConfig)
    i.TIM_InternalClockConfig                0x08001174   Section        0  stm32f10x_tim.o(i.TIM_InternalClockConfig)
    i.TIM_OC2Init                            0x08001180   Section        0  stm32f10x_tim.o(i.TIM_OC2Init)
    i.TIM_OCStructInit                       0x08001224   Section        0  stm32f10x_tim.o(i.TIM_OCStructInit)
    i.TIM_SetCompare2                        0x08001238   Section        0  stm32f10x_tim.o(i.TIM_SetCompare2)
    i.TIM_TimeBaseInit                       0x0800123c   Section        0  stm32f10x_tim.o(i.TIM_TimeBaseInit)
    i.Timer4_Init                            0x080012e0   Section        0  main.o(i.Timer4_Init)
    i.USART1_IRQHandler                      0x0800137c   Section        0  usart.o(i.USART1_IRQHandler)
    i.USART_ClearITPendingBit                0x080013f8   Section        0  stm32f10x_usart.o(i.USART_ClearITPendingBit)
    i.USART_Cmd                              0x08001416   Section        0  stm32f10x_usart.o(i.USART_Cmd)
    i.USART_GetFlagStatus                    0x0800142e   Section        0  stm32f10x_usart.o(i.USART_GetFlagStatus)
    i.USART_GetITStatus                      0x08001448   Section        0  stm32f10x_usart.o(i.USART_GetITStatus)
    i.USART_ITConfig                         0x0800149c   Section        0  stm32f10x_usart.o(i.USART_ITConfig)
    i.USART_Init                             0x080014e8   Section        0  stm32f10x_usart.o(i.USART_Init)
    i.USART_ReceiveData                      0x080015c0   Section        0  stm32f10x_usart.o(i.USART_ReceiveData)
    i.USART_SendData                         0x080015ca   Section        0  stm32f10x_usart.o(i.USART_SendData)
    i.UsageFault_Handler                     0x080015d2   Section        0  stm32f10x_it.o(i.UsageFault_Handler)
    i.VL53L0X_CheckAndLoadInterruptSettings  0x080015d8   Section        0  vl53l0x_api.o(i.VL53L0X_CheckAndLoadInterruptSettings)
    i.VL53L0X_ClearInterruptMask             0x0800165c   Section        0  vl53l0x_api.o(i.VL53L0X_ClearInterruptMask)
    i.VL53L0X_DataInit                       0x080016b0   Section        0  vl53l0x_api.o(i.VL53L0X_DataInit)
    i.VL53L0X_GetDeviceInfo                  0x08001850   Section        0  vl53l0x_api.o(i.VL53L0X_GetDeviceInfo)
    i.VL53L0X_GetDeviceMode                  0x08001866   Section        0  vl53l0x_api.o(i.VL53L0X_GetDeviceMode)
    i.VL53L0X_GetDeviceParameters            0x08001870   Section        0  vl53l0x_api.o(i.VL53L0X_GetDeviceParameters)
    i.VL53L0X_GetFractionEnable              0x08001910   Section        0  vl53l0x_api.o(i.VL53L0X_GetFractionEnable)
    i.VL53L0X_GetInterMeasurementPeriodMilliSeconds 0x08001932   Section        0  vl53l0x_api.o(i.VL53L0X_GetInterMeasurementPeriodMilliSeconds)
    i.VL53L0X_GetInterruptMaskStatus         0x08001970   Section        0  vl53l0x_api.o(i.VL53L0X_GetInterruptMaskStatus)
    i.VL53L0X_GetInterruptThresholds         0x080019a0   Section        0  vl53l0x_api.o(i.VL53L0X_GetInterruptThresholds)
    i.VL53L0X_GetLimitCheckEnable            0x080019e2   Section        0  vl53l0x_api.o(i.VL53L0X_GetLimitCheckEnable)
    i.VL53L0X_GetLimitCheckValue             0x080019fe   Section        0  vl53l0x_api.o(i.VL53L0X_GetLimitCheckValue)
    i.VL53L0X_GetMeasurementDataReady        0x08001ab4   Section        0  vl53l0x_api.o(i.VL53L0X_GetMeasurementDataReady)
    i.VL53L0X_GetMeasurementTimingBudgetMicroSeconds 0x08001b0a   Section        0  vl53l0x_api.o(i.VL53L0X_GetMeasurementTimingBudgetMicroSeconds)
    i.VL53L0X_GetOffsetCalibrationDataMicroMeter 0x08001b20   Section        0  vl53l0x_api.o(i.VL53L0X_GetOffsetCalibrationDataMicroMeter)
    i.VL53L0X_GetPalErrorString              0x08001b36   Section        0  vl53l0x_api.o(i.VL53L0X_GetPalErrorString)
    i.VL53L0X_GetRangingMeasurementData      0x08001b4c   Section        0  vl53l0x_api.o(i.VL53L0X_GetRangingMeasurementData)
    i.VL53L0X_GetSequenceStepEnables         0x08001cba   Section        0  vl53l0x_api.o(i.VL53L0X_GetSequenceStepEnables)
    i.VL53L0X_GetSequenceStepTimeout         0x08001d30   Section        0  vl53l0x_api.o(i.VL53L0X_GetSequenceStepTimeout)
    i.VL53L0X_GetVcselPulsePeriod            0x08001d82   Section        0  vl53l0x_api.o(i.VL53L0X_GetVcselPulsePeriod)
    i.VL53L0X_GetWrapAroundCheckEnable       0x08001da0   Section        0  vl53l0x_api.o(i.VL53L0X_GetWrapAroundCheckEnable)
    i.VL53L0X_GetXTalkCompensationEnable     0x08001dde   Section        0  vl53l0x_api.o(i.VL53L0X_GetXTalkCompensationEnable)
    i.VL53L0X_GetXTalkCompensationRateMegaCps 0x08001dea   Section        0  vl53l0x_api.o(i.VL53L0X_GetXTalkCompensationRateMegaCps)
    i.VL53L0X_PerformRefCalibration          0x08001e22   Section        0  vl53l0x_api.o(i.VL53L0X_PerformRefCalibration)
    i.VL53L0X_PerformRefSpadManagement       0x08001e42   Section        0  vl53l0x_api.o(i.VL53L0X_PerformRefSpadManagement)
    i.VL53L0X_PerformSingleMeasurement       0x08001e60   Section        0  vl53l0x_api.o(i.VL53L0X_PerformSingleMeasurement)
    i.VL53L0X_PerformSingleRangingMeasurement 0x08001e9c   Section        0  vl53l0x_api.o(i.VL53L0X_PerformSingleRangingMeasurement)
    i.VL53L0X_PollingDelay                   0x08001ed4   Section        0  vl53l0x_platform.o(i.VL53L0X_PollingDelay)
    i.VL53L0X_RdByte                         0x08001eee   Section        0  vl53l0x_platform.o(i.VL53L0X_RdByte)
    i.VL53L0X_RdDWord                        0x08001f1a   Section        0  vl53l0x_platform.o(i.VL53L0X_RdDWord)
    i.VL53L0X_RdWord                         0x08001f46   Section        0  vl53l0x_platform.o(i.VL53L0X_RdWord)
    i.VL53L0X_ReadMulti                      0x08001f72   Section        0  vl53l0x_platform.o(i.VL53L0X_ReadMulti)
    i.VL53L0X_SetDeviceAddress               0x08001fa8   Section        0  vl53l0x_api.o(i.VL53L0X_SetDeviceAddress)
    i.VL53L0X_SetDeviceMode                  0x08001fcc   Section        0  vl53l0x_api.o(i.VL53L0X_SetDeviceMode)
    i.VL53L0X_SetGpioConfig                  0x08001ffe   Section        0  vl53l0x_api.o(i.VL53L0X_SetGpioConfig)
    i.VL53L0X_SetLimitCheckEnable            0x08002164   Section        0  vl53l0x_api.o(i.VL53L0X_SetLimitCheckEnable)
    i.VL53L0X_SetLimitCheckValue             0x08002226   Section        0  vl53l0x_api.o(i.VL53L0X_SetLimitCheckValue)
    i.VL53L0X_SetMeasurementTimingBudgetMicroSeconds 0x0800229c   Section        0  vl53l0x_api.o(i.VL53L0X_SetMeasurementTimingBudgetMicroSeconds)
    i.VL53L0X_SetSequenceStepEnable          0x080022b2   Section        0  vl53l0x_api.o(i.VL53L0X_SetSequenceStepEnable)
    i.VL53L0X_StartMeasurement               0x08002376   Section        0  vl53l0x_api.o(i.VL53L0X_StartMeasurement)
    i.VL53L0X_StaticInit                     0x08002480   Section        0  vl53l0x_api.o(i.VL53L0X_StaticInit)
    i.VL53L0X_UpdateByte                     0x08002620   Section        0  vl53l0x_platform.o(i.VL53L0X_UpdateByte)
    i.VL53L0X_WrByte                         0x08002672   Section        0  vl53l0x_platform.o(i.VL53L0X_WrByte)
    i.VL53L0X_WrWord                         0x0800269e   Section        0  vl53l0x_platform.o(i.VL53L0X_WrWord)
    i.VL53L0X_WriteMulti                     0x080026ca   Section        0  vl53l0x_platform.o(i.VL53L0X_WriteMulti)
    i.VL53L0X_calc_dmax                      0x08002708   Section        0  vl53l0x_api_core.o(i.VL53L0X_calc_dmax)
    i.VL53L0X_calc_macro_period_ps           0x08002894   Section        0  vl53l0x_api_core.o(i.VL53L0X_calc_macro_period_ps)
    i.VL53L0X_calc_sigma_estimate            0x080028ac   Section        0  vl53l0x_api_core.o(i.VL53L0X_calc_sigma_estimate)
    i.VL53L0X_calc_timeout_mclks             0x08002b5c   Section        0  vl53l0x_api_core.o(i.VL53L0X_calc_timeout_mclks)
    i.VL53L0X_calc_timeout_us                0x08002b90   Section        0  vl53l0x_api_core.o(i.VL53L0X_calc_timeout_us)
    i.VL53L0X_check_part_used                0x08002bc8   Section        0  vl53l0x_api_strings.o(i.VL53L0X_check_part_used)
    i.VL53L0X_decode_timeout                 0x08002c18   Section        0  vl53l0x_api_core.o(i.VL53L0X_decode_timeout)
    i.VL53L0X_decode_vcsel_period            0x08002c26   Section        0  vl53l0x_api_core.o(i.VL53L0X_decode_vcsel_period)
    i.VL53L0X_device_read_strobe             0x08002c32   Section        0  vl53l0x_api_core.o(i.VL53L0X_device_read_strobe)
    i.VL53L0X_encode_timeout                 0x08002c80   Section        0  vl53l0x_api_core.o(i.VL53L0X_encode_timeout)
    i.VL53L0X_get_device_info                0x08002ca8   Section        0  vl53l0x_api_strings.o(i.VL53L0X_get_device_info)
    i.VL53L0X_get_info_from_device           0x08002d84   Section        0  vl53l0x_api_core.o(i.VL53L0X_get_info_from_device)
    i.VL53L0X_get_measurement_timing_budget_micro_seconds 0x080032ce   Section        0  vl53l0x_api_core.o(i.VL53L0X_get_measurement_timing_budget_micro_seconds)
    i.VL53L0X_get_offset_calibration_data_micro_meter 0x080033bc   Section        0  vl53l0x_api_calibration.o(i.VL53L0X_get_offset_calibration_data_micro_meter)
    i.VL53L0X_get_pal_error_string           0x08003414   Section        0  vl53l0x_api_strings.o(i.VL53L0X_get_pal_error_string)
    i.VL53L0X_get_pal_range_status           0x080036e0   Section        0  vl53l0x_api_core.o(i.VL53L0X_get_pal_range_status)
    i.VL53L0X_get_total_signal_rate          0x08003914   Section        0  vl53l0x_api_core.o(i.VL53L0X_get_total_signal_rate)
    i.VL53L0X_get_total_xtalk_rate           0x0800393c   Section        0  vl53l0x_api_core.o(i.VL53L0X_get_total_xtalk_rate)
    i.VL53L0X_get_vcsel_pulse_period         0x08003976   Section        0  vl53l0x_api_core.o(i.VL53L0X_get_vcsel_pulse_period)
    i.VL53L0X_i2c_init                       0x080039bc   Section        0  vl53l0x_i2c.o(i.VL53L0X_i2c_init)
    i.VL53L0X_isqrt                          0x080039c6   Section        0  vl53l0x_api_core.o(i.VL53L0X_isqrt)
    i.VL53L0X_load_tuning_settings           0x080039f2   Section        0  vl53l0x_api_core.o(i.VL53L0X_load_tuning_settings)
    i.VL53L0X_measurement_poll_for_completion 0x08003adc   Section        0  vl53l0x_api_core.o(i.VL53L0X_measurement_poll_for_completion)
    i.VL53L0X_perform_phase_calibration      0x08003b1c   Section        0  vl53l0x_api_calibration.o(i.VL53L0X_perform_phase_calibration)
    i.VL53L0X_perform_ref_calibration        0x08003b98   Section        0  vl53l0x_api_calibration.o(i.VL53L0X_perform_ref_calibration)
    i.VL53L0X_perform_ref_spad_management    0x08003be4   Section        0  vl53l0x_api_calibration.o(i.VL53L0X_perform_ref_spad_management)
    i.VL53L0X_perform_single_ref_calibration 0x08003e76   Section        0  vl53l0x_api_calibration.o(i.VL53L0X_perform_single_ref_calibration)
    i.VL53L0X_perform_vhv_calibration        0x08003eb6   Section        0  vl53l0x_api_calibration.o(i.VL53L0X_perform_vhv_calibration)
    i.VL53L0X_read_byte                      0x08003f34   Section        0  vl53l0x_i2c.o(i.VL53L0X_read_byte)
    i.VL53L0X_read_dword                     0x08003f58   Section        0  vl53l0x_i2c.o(i.VL53L0X_read_dword)
    i.VL53L0X_read_multi                     0x08003f92   Section        0  vl53l0x_i2c.o(i.VL53L0X_read_multi)
    i.VL53L0X_read_word                      0x08003fba   Section        0  vl53l0x_i2c.o(i.VL53L0X_read_word)
    i.VL53L0X_ref_calibration_io             0x08003fe4   Section        0  vl53l0x_api_calibration.o(i.VL53L0X_ref_calibration_io)
    i.VL53L0X_set_measurement_timing_budget_micro_seconds 0x08004094   Section        0  vl53l0x_api_core.o(i.VL53L0X_set_measurement_timing_budget_micro_seconds)
    i.VL53L0X_set_reference_spads            0x080041bc   Section        0  vl53l0x_api_calibration.o(i.VL53L0X_set_reference_spads)
    i.VL53L0X_write_byte                     0x0800427e   Section        0  vl53l0x_i2c.o(i.VL53L0X_write_byte)
    i.VL53L0X_write_multi                    0x0800429a   Section        0  vl53l0x_i2c.o(i.VL53L0X_write_multi)
    i.VL53L0X_write_word                     0x080042c2   Section        0  vl53l0x_i2c.o(i.VL53L0X_write_word)
    i.__scatterload_copy                     0x0800431c   Section       14  handlers.o(i.__scatterload_copy)
    i.__scatterload_null                     0x0800432a   Section        2  handlers.o(i.__scatterload_null)
    i.__scatterload_zeroinit                 0x0800432c   Section       14  handlers.o(i.__scatterload_zeroinit)
    i.delay_init                             0x0800433c   Section        0  delay.o(i.delay_init)
    i.delay_ms                               0x08004380   Section        0  delay.o(i.delay_ms)
    i.enable_ref_spads                       0x080043cc   Section        0  vl53l0x_api_calibration.o(i.enable_ref_spads)
    i.enable_spad_bit                        0x08004478   Section        0  vl53l0x_api_calibration.o(i.enable_spad_bit)
    i.get_next_good_spad                     0x080044aa   Section        0  vl53l0x_api_calibration.o(i.get_next_good_spad)
    i.get_ref_spad_map                       0x08004512   Section        0  vl53l0x_api_calibration.o(i.get_ref_spad_map)
    i.get_sequence_step_timeout              0x0800452a   Section        0  vl53l0x_api_core.o(i.get_sequence_step_timeout)
    i.i2c_ack                                0x0800464c   Section        0  stm32_i2c.o(i.i2c_ack)
    i.i2c_delay                              0x08004684   Section        0  stm32_i2c.o(i.i2c_delay)
    i.i2c_init                               0x08004694   Section        0  stm32_i2c.o(i.i2c_init)
    i.i2c_no_ack                             0x08004764   Section        0  stm32_i2c.o(i.i2c_no_ack)
    i.i2c_read                               0x0800479c   Section        0  stm32_i2c.o(i.i2c_read)
    i.i2c_read_buffer                        0x080047c0   Section        0  stm32_i2c.o(i.i2c_read_buffer)
    i.i2c_receive_byte                       0x08004830   Section        0  stm32_i2c.o(i.i2c_receive_byte)
    i.i2c_send_byte                          0x08004884   Section        0  stm32_i2c.o(i.i2c_send_byte)
    i.i2c_start                              0x080048dc   Section        0  stm32_i2c.o(i.i2c_start)
    i.i2c_stop                               0x08004930   Section        0  stm32_i2c.o(i.i2c_stop)
    i.i2c_wait_ack                           0x0800496c   Section        0  stm32_i2c.o(i.i2c_wait_ack)
    i.i2c_write                              0x080049b8   Section        0  stm32_i2c.o(i.i2c_write)
    i.i2c_write_buffer                       0x080049dc   Section        0  stm32_i2c.o(i.i2c_write_buffer)
    i.is_aperture                            0x08004a3c   Section        0  vl53l0x_api_calibration.o(i.is_aperture)
    i.main                                   0x08004a54   Section        0  main.o(i.main)
    i.perform_ref_signal_measurement         0x08004b90   Section        0  vl53l0x_api_calibration.o(i.perform_ref_signal_measurement)
    i.print_pal_error                        0x08004bfe   Section        0  vl53l0x.o(i.print_pal_error)
    i.sequence_step_enabled                  0x08004c10   Section        0  vl53l0x_api.o(i.sequence_step_enabled)
    i.set_ref_spad_map                       0x08004c58   Section        0  vl53l0x_api_calibration.o(i.set_ref_spad_map)
    i.set_sequence_step_timeout              0x08004c70   Section        0  vl53l0x_api_core.o(i.set_sequence_step_timeout)
    i.uart3_init                             0x08004dac   Section        0  usart.o(i.uart3_init)
    i.uart_init                              0x08004e50   Section        0  usart.o(i.uart_init)
    i.vl53l0x_Addr_set                       0x08004ef0   Section        0  vl53l0x.o(i.vl53l0x_Addr_set)
    i.vl53l0x_getdistance                    0x08004f84   Section        0  vl53l0x.o(i.vl53l0x_getdistance)
    i.vl53l0x_init                           0x08004fd0   Section        0  vl53l0x.o(i.vl53l0x_init)
    i.vl53l0x_initX                          0x0800500c   Section        0  vl53l0x.o(i.vl53l0x_initX)
    i.vl53l0x_measure_init                   0x08005110   Section        0  vl53l0x.o(i.vl53l0x_measure_init)
    i.vl53l0x_start_single_test              0x080051d0   Section        0  vl53l0x.o(i.vl53l0x_start_single_test)
    .data                                    0x20000000   Section       20  system_stm32f10x.o(.data)
    .data                                    0x20000014   Section       20  stm32f10x_rcc.o(.data)
    APBAHBPrescTable                         0x20000014   Data          16  stm32f10x_rcc.o(.data)
    ADCPrescTable                            0x20000024   Data           4  stm32f10x_rcc.o(.data)
    .data                                    0x20000028   Section        4  delay.o(.data)
    fac_us                                   0x20000028   Data           1  delay.o(.data)
    fac_ms                                   0x2000002a   Data           2  delay.o(.data)
    .data                                    0x2000002c   Section       11  usart.o(.data)
    RxState                                  0x20000036   Data           1  usart.o(.data)
    .data                                    0x20000038   Section       28  main.o(.data)
    .data                                    0x20000054   Section       15  vl53l0x.o(.data)
    .data                                    0x20000063   Section      681  vl53l0x_api.o(.data)
    .data                                    0x2000030c   Section       16  vl53l0x_api_calibration.o(.data)
    .bss                                     0x2000031c   Section      200  usart.o(.bss)
    .bss                                     0x200003e4   Section     1536  vl53l0x.o(.bss)
    STACK                                    0x200009e8   Section     1024  startup_stm32f10x_md.o(STACK)

    Global Symbols

    Symbol Name                              Value     Ov Type        Size  Object(Section)

    BuildAttributes$$THM_ISAv4$P$D$K$B$S$PE$A:L22UL41UL21$X:L11$S22US41US21$IEEE1$IW$USESV6$~STKCKD$USESV7$~SHL$OTIME$ROPI$EBA8$MICROLIB$REQ8$PRES8$EABIv2 0x00000000   Number         0  anon$$obj.o ABSOLUTE
    __ARM_use_no_argv                        0x00000000   Number         0  main.o ABSOLUTE
    __use_no_errno                           0x00000000   Number         0  useno.o ABSOLUTE
    __use_no_exception_handling              0x00000000   Number         0  useno.o ABSOLUTE
    __use_no_fp                              0x00000000   Number         0  useno.o ABSOLUTE
    __use_no_heap                            0x00000000   Number         0  useno.o ABSOLUTE
    __use_no_heap_region                     0x00000000   Number         0  useno.o ABSOLUTE
    __use_no_semihosting                     0x00000000   Number         0  useno.o ABSOLUTE
    __use_no_semihosting_swi                 0x00000000   Number         0  useno.o ABSOLUTE
    __use_no_signal_handling                 0x00000000   Number         0  useno.o ABSOLUTE
    _printf_a                                0x00000000   Number         0  stubs.o ABSOLUTE
    _printf_c                                0x00000000   Number         0  stubs.o ABSOLUTE
    _printf_charcount                        0x00000000   Number         0  stubs.o ABSOLUTE
    _printf_d                                0x00000000   Number         0  stubs.o ABSOLUTE
    _printf_e                                0x00000000   Number         0  stubs.o ABSOLUTE
    _printf_f                                0x00000000   Number         0  stubs.o ABSOLUTE
    _printf_flags                            0x00000000   Number         0  stubs.o ABSOLUTE
    _printf_fp_dec                           0x00000000   Number         0  stubs.o ABSOLUTE
    _printf_fp_hex                           0x00000000   Number         0  stubs.o ABSOLUTE
    _printf_g                                0x00000000   Number         0  stubs.o ABSOLUTE
    _printf_i                                0x00000000   Number         0  stubs.o ABSOLUTE
    _printf_int_dec                          0x00000000   Number         0  stubs.o ABSOLUTE
    _printf_l                                0x00000000   Number         0  stubs.o ABSOLUTE
    _printf_lc                               0x00000000   Number         0  stubs.o ABSOLUTE
    _printf_ll                               0x00000000   Number         0  stubs.o ABSOLUTE
    _printf_lld                              0x00000000   Number         0  stubs.o ABSOLUTE
    _printf_lli                              0x00000000   Number         0  stubs.o ABSOLUTE
    _printf_llo                              0x00000000   Number         0  stubs.o ABSOLUTE
    _printf_llu                              0x00000000   Number         0  stubs.o ABSOLUTE
    _printf_llx                              0x00000000   Number         0  stubs.o ABSOLUTE
    _printf_longlong_dec                     0x00000000   Number         0  stubs.o ABSOLUTE
    _printf_longlong_hex                     0x00000000   Number         0  stubs.o ABSOLUTE
    _printf_longlong_oct                     0x00000000   Number         0  stubs.o ABSOLUTE
    _printf_ls                               0x00000000   Number         0  stubs.o ABSOLUTE
    _printf_mbtowc                           0x00000000   Number         0  stubs.o ABSOLUTE
    _printf_n                                0x00000000   Number         0  stubs.o ABSOLUTE
    _printf_o                                0x00000000   Number         0  stubs.o ABSOLUTE
    _printf_p                                0x00000000   Number         0  stubs.o ABSOLUTE
    _printf_percent                          0x00000000   Number         0  stubs.o ABSOLUTE
    _printf_pre_padding                      0x00000000   Number         0  stubs.o ABSOLUTE
    _printf_return_value                     0x00000000   Number         0  stubs.o ABSOLUTE
    _printf_s                                0x00000000   Number         0  stubs.o ABSOLUTE
    _printf_sizespec                         0x00000000   Number         0  stubs.o ABSOLUTE
    _printf_str                              0x00000000   Number         0  stubs.o ABSOLUTE
    _printf_truncate_signed                  0x00000000   Number         0  stubs.o ABSOLUTE
    _printf_truncate_unsigned                0x00000000   Number         0  stubs.o ABSOLUTE
    _printf_u                                0x00000000   Number         0  stubs.o ABSOLUTE
    _printf_wc                               0x00000000   Number         0  stubs.o ABSOLUTE
    _printf_wctomb                           0x00000000   Number         0  stubs.o ABSOLUTE
    _printf_widthprec                        0x00000000   Number         0  stubs.o ABSOLUTE
    _printf_x                                0x00000000   Number         0  stubs.o ABSOLUTE
    __arm_fini_                               - Undefined Weak Reference
    __cpp_initialize__aeabi_                  - Undefined Weak Reference
    __cxa_finalize                            - Undefined Weak Reference
    _clock_init                               - Undefined Weak Reference
    _microlib_exit                            - Undefined Weak Reference
    __Vectors_Size                           0x000000ec   Number         0  startup_stm32f10x_md.o ABSOLUTE
    __Vectors                                0x08000000   Data           4  startup_stm32f10x_md.o(RESET)
    __Vectors_End                            0x080000ec   Data           0  startup_stm32f10x_md.o(RESET)
    __main                                   0x080000ed   Thumb Code     0  entry.o(.ARM.Collect$$$$00000000)
    _main_stk                                0x080000ed   Thumb Code     0  entry2.o(.ARM.Collect$$$$00000001)
    _main_scatterload                        0x080000f1   Thumb Code     0  entry5.o(.ARM.Collect$$$$00000004)
    __main_after_scatterload                 0x080000f5   Thumb Code     0  entry5.o(.ARM.Collect$$$$00000004)
    _main_clock                              0x080000f5   Thumb Code     0  entry7b.o(.ARM.Collect$$$$00000008)
    _main_cpp_init                           0x080000f5   Thumb Code     0  entry8b.o(.ARM.Collect$$$$0000000A)
    _main_init                               0x080000f5   Thumb Code     0  entry9a.o(.ARM.Collect$$$$0000000B)
    __rt_lib_shutdown_fini                   0x080000fd   Thumb Code     0  entry12b.o(.ARM.Collect$$$$0000000E)
    __rt_final_cpp                           0x08000101   Thumb Code     0  entry10a.o(.ARM.Collect$$$$0000000F)
    __rt_final_exit                          0x08000101   Thumb Code     0  entry11a.o(.ARM.Collect$$$$00000011)
    Reset_Handler                            0x08000105   Thumb Code     8  startup_stm32f10x_md.o(.text)
    ADC1_2_IRQHandler                        0x0800011f   Thumb Code     0  startup_stm32f10x_md.o(.text)
    CAN1_RX1_IRQHandler                      0x0800011f   Thumb Code     0  startup_stm32f10x_md.o(.text)
    CAN1_SCE_IRQHandler                      0x0800011f   Thumb Code     0  startup_stm32f10x_md.o(.text)
    DMA1_Channel1_IRQHandler                 0x0800011f   Thumb Code     0  startup_stm32f10x_md.o(.text)
    DMA1_Channel2_IRQHandler                 0x0800011f   Thumb Code     0  startup_stm32f10x_md.o(.text)
    DMA1_Channel3_IRQHandler                 0x0800011f   Thumb Code     0  startup_stm32f10x_md.o(.text)
    DMA1_Channel4_IRQHandler                 0x0800011f   Thumb Code     0  startup_stm32f10x_md.o(.text)
    DMA1_Channel5_IRQHandler                 0x0800011f   Thumb Code     0  startup_stm32f10x_md.o(.text)
    DMA1_Channel6_IRQHandler                 0x0800011f   Thumb Code     0  startup_stm32f10x_md.o(.text)
    DMA1_Channel7_IRQHandler                 0x0800011f   Thumb Code     0  startup_stm32f10x_md.o(.text)
    EXTI0_IRQHandler                         0x0800011f   Thumb Code     0  startup_stm32f10x_md.o(.text)
    EXTI15_10_IRQHandler                     0x0800011f   Thumb Code     0  startup_stm32f10x_md.o(.text)
    EXTI1_IRQHandler                         0x0800011f   Thumb Code     0  startup_stm32f10x_md.o(.text)
    EXTI2_IRQHandler                         0x0800011f   Thumb Code     0  startup_stm32f10x_md.o(.text)
    EXTI3_IRQHandler                         0x0800011f   Thumb Code     0  startup_stm32f10x_md.o(.text)
    EXTI4_IRQHandler                         0x0800011f   Thumb Code     0  startup_stm32f10x_md.o(.text)
    EXTI9_5_IRQHandler                       0x0800011f   Thumb Code     0  startup_stm32f10x_md.o(.text)
    FLASH_IRQHandler                         0x0800011f   Thumb Code     0  startup_stm32f10x_md.o(.text)
    I2C1_ER_IRQHandler                       0x0800011f   Thumb Code     0  startup_stm32f10x_md.o(.text)
    I2C1_EV_IRQHandler                       0x0800011f   Thumb Code     0  startup_stm32f10x_md.o(.text)
    I2C2_ER_IRQHandler                       0x0800011f   Thumb Code     0  startup_stm32f10x_md.o(.text)
    I2C2_EV_IRQHandler                       0x0800011f   Thumb Code     0  startup_stm32f10x_md.o(.text)
    PVD_IRQHandler                           0x0800011f   Thumb Code     0  startup_stm32f10x_md.o(.text)
    RCC_IRQHandler                           0x0800011f   Thumb Code     0  startup_stm32f10x_md.o(.text)
    RTCAlarm_IRQHandler                      0x0800011f   Thumb Code     0  startup_stm32f10x_md.o(.text)
    RTC_IRQHandler                           0x0800011f   Thumb Code     0  startup_stm32f10x_md.o(.text)
    SPI1_IRQHandler                          0x0800011f   Thumb Code     0  startup_stm32f10x_md.o(.text)
    SPI2_IRQHandler                          0x0800011f   Thumb Code     0  startup_stm32f10x_md.o(.text)
    TAMPER_IRQHandler                        0x0800011f   Thumb Code     0  startup_stm32f10x_md.o(.text)
    TIM1_BRK_IRQHandler                      0x0800011f   Thumb Code     0  startup_stm32f10x_md.o(.text)
    TIM1_CC_IRQHandler                       0x0800011f   Thumb Code     0  startup_stm32f10x_md.o(.text)
    TIM1_TRG_COM_IRQHandler                  0x0800011f   Thumb Code     0  startup_stm32f10x_md.o(.text)
    TIM1_UP_IRQHandler                       0x0800011f   Thumb Code     0  startup_stm32f10x_md.o(.text)
    TIM2_IRQHandler                          0x0800011f   Thumb Code     0  startup_stm32f10x_md.o(.text)
    USART2_IRQHandler                        0x0800011f   Thumb Code     0  startup_stm32f10x_md.o(.text)
    USART3_IRQHandler                        0x0800011f   Thumb Code     0  startup_stm32f10x_md.o(.text)
    USBWakeUp_IRQHandler                     0x0800011f   Thumb Code     0  startup_stm32f10x_md.o(.text)
    USB_HP_CAN1_TX_IRQHandler                0x0800011f   Thumb Code     0  startup_stm32f10x_md.o(.text)
    USB_LP_CAN1_RX0_IRQHandler               0x0800011f   Thumb Code     0  startup_stm32f10x_md.o(.text)
    WWDG_IRQHandler                          0x0800011f   Thumb Code     0  startup_stm32f10x_md.o(.text)
    __aeabi_memcpy                           0x08000129   Thumb Code    36  memcpya.o(.text)
    __aeabi_memcpy4                          0x08000129   Thumb Code     0  memcpya.o(.text)
    __aeabi_memcpy8                          0x08000129   Thumb Code     0  memcpya.o(.text)
    __aeabi_memset                           0x0800014d   Thumb Code    14  memseta.o(.text)
    __aeabi_memset4                          0x0800014d   Thumb Code     0  memseta.o(.text)
    __aeabi_memset8                          0x0800014d   Thumb Code     0  memseta.o(.text)
    __aeabi_memclr                           0x0800015b   Thumb Code     4  memseta.o(.text)
    __aeabi_memclr4                          0x0800015b   Thumb Code     0  memseta.o(.text)
    __aeabi_memclr8                          0x0800015b   Thumb Code     0  memseta.o(.text)
    _memset$wrapper                          0x0800015f   Thumb Code    18  memseta.o(.text)
    strcpy                                   0x08000171   Thumb Code    18  strcpy.o(.text)
    __aeabi_fadd                             0x08000183   Thumb Code   164  fadd.o(.text)
    __aeabi_fsub                             0x08000227   Thumb Code     6  fadd.o(.text)
    __aeabi_frsub                            0x0800022d   Thumb Code     6  fadd.o(.text)
    __aeabi_fmul                             0x08000233   Thumb Code   100  fmul.o(.text)
    __aeabi_fdiv                             0x08000297   Thumb Code   124  fdiv.o(.text)
    __aeabi_f2uiz                            0x08000313   Thumb Code    40  ffixui.o(.text)
    __I$use$fp                               0x0800033b   Thumb Code     0  iusefp.o(.text)
    _float_round                             0x0800033b   Thumb Code    18  fepilogue.o(.text)
    _float_epilogue                          0x0800034d   Thumb Code    92  fepilogue.o(.text)
    __scatterload                            0x080003a9   Thumb Code    28  init.o(.text)
    __scatterload_rt2                        0x080003a9   Thumb Code     0  init.o(.text)
    __decompress                             0x080003cd   Thumb Code     0  __dclz77c.o(.text)
    __decompress2                            0x080003cd   Thumb Code    94  __dclz77c.o(.text)
    BusFault_Handler                         0x0800042b   Thumb Code     4  stm32f10x_it.o(i.BusFault_Handler)
    DebugMon_Handler                         0x0800042f   Thumb Code     2  stm32f10x_it.o(i.DebugMon_Handler)
    GPIO_Init                                0x08000431   Thumb Code   278  stm32f10x_gpio.o(i.GPIO_Init)
    GPIO_PinRemapConfig                      0x08000549   Thumb Code   138  stm32f10x_gpio.o(i.GPIO_PinRemapConfig)
    GPIO_ReadInputDataBit                    0x080005d9   Thumb Code    18  stm32f10x_gpio.o(i.GPIO_ReadInputDataBit)
    GPIO_ReadOutputDataBit                   0x080005eb   Thumb Code    18  stm32f10x_gpio.o(i.GPIO_ReadOutputDataBit)
    GPIO_ResetBits                           0x080005fd   Thumb Code     4  stm32f10x_gpio.o(i.GPIO_ResetBits)
    GPIO_SetBits                             0x08000601   Thumb Code     4  stm32f10x_gpio.o(i.GPIO_SetBits)
    GPIO_WriteBit                            0x08000605   Thumb Code    10  stm32f10x_gpio.o(i.GPIO_WriteBit)
    HardFault_Handler                        0x0800060f   Thumb Code     4  stm32f10x_it.o(i.HardFault_Handler)
    IWDG_Feed                                0x08000613   Thumb Code     8  iwdg.o(i.IWDG_Feed)
    IWDG_ReloadCounter                       0x0800061d   Thumb Code    10  stm32f10x_iwdg.o(i.IWDG_ReloadCounter)
    Key_GetNum                               0x0800062d   Thumb Code    92  key.o(i.Key_GetNum)
    Key_Init                                 0x0800068d   Thumb Code    40  key.o(i.Key_Init)
    L298N_Init                               0x080006b9   Thumb Code    42  l298n.o(i.L298N_Init)
    Led_G                                    0x080006e9   Thumb Code    32  led.o(i.Led_G)
    Led_Init                                 0x0800070d   Thumb Code    68  led.o(i.Led_Init)
    Led_R                                    0x08000755   Thumb Code    32  led.o(i.Led_R)
    Led_twinkle                              0x08000779   Thumb Code    48  led.o(i.Led_twinkle)
    MemManage_Handler                        0x080007ad   Thumb Code     4  stm32f10x_it.o(i.MemManage_Handler)
    NMI_Handler                              0x080007b1   Thumb Code     2  stm32f10x_it.o(i.NMI_Handler)
    NVIC_Configuration                       0x080007b3   Thumb Code    12  sys.o(i.NVIC_Configuration)
    NVIC_Init                                0x080007c1   Thumb Code   100  misc.o(i.NVIC_Init)
    NVIC_PriorityGroupConfig                 0x08000831   Thumb Code    10  misc.o(i.NVIC_PriorityGroupConfig)
    PWM2_Init                                0x08000845   Thumb Code   148  pwm2.o(i.PWM2_Init)
    PWM_Init                                 0x080008e5   Thumb Code   162  pwm.o(i.PWM_Init)
    PWM_SetCompare2                          0x08000995   Thumb Code    16  pwm.o(i.PWM_SetCompare2)
    PendSV_Handler                           0x080009a5   Thumb Code     2  stm32f10x_it.o(i.PendSV_Handler)
    RCC_APB1PeriphClockCmd                   0x080009a9   Thumb Code    26  stm32f10x_rcc.o(i.RCC_APB1PeriphClockCmd)
    RCC_APB1PeriphResetCmd                   0x080009c9   Thumb Code    26  stm32f10x_rcc.o(i.RCC_APB1PeriphResetCmd)
    RCC_APB2PeriphClockCmd                   0x080009e9   Thumb Code    26  stm32f10x_rcc.o(i.RCC_APB2PeriphClockCmd)
    RCC_APB2PeriphResetCmd                   0x08000a09   Thumb Code    26  stm32f10x_rcc.o(i.RCC_APB2PeriphResetCmd)
    RCC_GetClocksFreq                        0x08000a29   Thumb Code   192  stm32f10x_rcc.o(i.RCC_GetClocksFreq)
    SVC_Handler                              0x08000afd   Thumb Code     2  stm32f10x_it.o(i.SVC_Handler)
    Seiral_SendMessage                       0x08000aff   Thumb Code    26  usart.o(i.Seiral_SendMessage)
    Seiral_SendMessage3                      0x08000b19   Thumb Code    26  usart.o(i.Seiral_SendMessage3)
    SendCamraData                            0x08000b35   Thumb Code   300  main.o(i.SendCamraData)
    SendData                                 0x08000c85   Thumb Code    58  main.o(i.SendData)
    SendKeyData                              0x08000ccd   Thumb Code    26  main.o(i.SendKeyData)
    SendTrainData                            0x08000ced   Thumb Code    12  main.o(i.SendTrainData)
    Serila_SendData                          0x08000cfd   Thumb Code    28  usart.o(i.Serila_SendData)
    Serila_SendData3                         0x08000d1d   Thumb Code    28  usart.o(i.Serila_SendData3)
    Servo_Init                               0x08000d3d   Thumb Code     8  servo.o(i.Servo_Init)
    Servo_SetAngle                           0x08000d45   Thumb Code    48  servo.o(i.Servo_SetAngle)
    SysTick_CLKSourceConfig                  0x08000e69   Thumb Code    40  misc.o(i.SysTick_CLKSourceConfig)
    SysTick_Handler                          0x08000e91   Thumb Code     2  stm32f10x_it.o(i.SysTick_Handler)
    SystemInit                               0x08000e95   Thumb Code    78  system_stm32f10x.o(i.SystemInit)
    TIM3_IRQHandler                          0x08000ef5   Thumb Code    26  timer.o(i.TIM3_IRQHandler)
    TIM4_IRQHandler                          0x08000f15   Thumb Code    28  main.o(i.TIM4_IRQHandler)
    TIM_ClearITPendingBit                    0x08000f39   Thumb Code     6  stm32f10x_tim.o(i.TIM_ClearITPendingBit)
    TIM_Cmd                                  0x08000f3f   Thumb Code    24  stm32f10x_tim.o(i.TIM_Cmd)
    TIM_DeInit                               0x08000f59   Thumb Code   424  stm32f10x_tim.o(i.TIM_DeInit)
    TIM_GetITStatus                          0x08001141   Thumb Code    34  stm32f10x_tim.o(i.TIM_GetITStatus)
    TIM_ITConfig                             0x08001163   Thumb Code    18  stm32f10x_tim.o(i.TIM_ITConfig)
    TIM_InternalClockConfig                  0x08001175   Thumb Code    12  stm32f10x_tim.o(i.TIM_InternalClockConfig)
    TIM_OC2Init                              0x08001181   Thumb Code   154  stm32f10x_tim.o(i.TIM_OC2Init)
    TIM_OCStructInit                         0x08001225   Thumb Code    20  stm32f10x_tim.o(i.TIM_OCStructInit)
    TIM_SetCompare2                          0x08001239   Thumb Code     4  stm32f10x_tim.o(i.TIM_SetCompare2)
    TIM_TimeBaseInit                         0x0800123d   Thumb Code   122  stm32f10x_tim.o(i.TIM_TimeBaseInit)
    Timer4_Init                              0x080012e1   Thumb Code   142  main.o(i.Timer4_Init)
    USART1_IRQHandler                        0x0800137d   Thumb Code   104  usart.o(i.USART1_IRQHandler)
    USART_ClearITPendingBit                  0x080013f9   Thumb Code    30  stm32f10x_usart.o(i.USART_ClearITPendingBit)
    USART_Cmd                                0x08001417   Thumb Code    24  stm32f10x_usart.o(i.USART_Cmd)
    USART_GetFlagStatus                      0x0800142f   Thumb Code    26  stm32f10x_usart.o(i.USART_GetFlagStatus)
    USART_GetITStatus                        0x08001449   Thumb Code    84  stm32f10x_usart.o(i.USART_GetITStatus)
    USART_ITConfig                           0x0800149d   Thumb Code    74  stm32f10x_usart.o(i.USART_ITConfig)
    USART_Init                               0x080014e9   Thumb Code   210  stm32f10x_usart.o(i.USART_Init)
    USART_ReceiveData                        0x080015c1   Thumb Code    10  stm32f10x_usart.o(i.USART_ReceiveData)
    USART_SendData                           0x080015cb   Thumb Code     8  stm32f10x_usart.o(i.USART_SendData)
    UsageFault_Handler                       0x080015d3   Thumb Code     4  stm32f10x_it.o(i.UsageFault_Handler)
    VL53L0X_CheckAndLoadInterruptSettings    0x080015d9   Thumb Code   126  vl53l0x_api.o(i.VL53L0X_CheckAndLoadInterruptSettings)
    VL53L0X_ClearInterruptMask               0x0800165d   Thumb Code    82  vl53l0x_api.o(i.VL53L0X_ClearInterruptMask)
    VL53L0X_DataInit                         0x080016b1   Thumb Code   406  vl53l0x_api.o(i.VL53L0X_DataInit)
    VL53L0X_GetDeviceInfo                    0x08001851   Thumb Code    22  vl53l0x_api.o(i.VL53L0X_GetDeviceInfo)
    VL53L0X_GetDeviceMode                    0x08001867   Thumb Code    10  vl53l0x_api.o(i.VL53L0X_GetDeviceMode)
    VL53L0X_GetDeviceParameters              0x08001871   Thumb Code   160  vl53l0x_api.o(i.VL53L0X_GetDeviceParameters)
    VL53L0X_GetFractionEnable                0x08001911   Thumb Code    34  vl53l0x_api.o(i.VL53L0X_GetFractionEnable)
    VL53L0X_GetInterMeasurementPeriodMilliSeconds 0x08001933   Thumb Code    62  vl53l0x_api.o(i.VL53L0X_GetInterMeasurementPeriodMilliSeconds)
    VL53L0X_GetInterruptMaskStatus           0x08001971   Thumb Code    48  vl53l0x_api.o(i.VL53L0X_GetInterruptMaskStatus)
    VL53L0X_GetInterruptThresholds           0x080019a1   Thumb Code    66  vl53l0x_api.o(i.VL53L0X_GetInterruptThresholds)
    VL53L0X_GetLimitCheckEnable              0x080019e3   Thumb Code    28  vl53l0x_api.o(i.VL53L0X_GetLimitCheckEnable)
    VL53L0X_GetLimitCheckValue               0x080019ff   Thumb Code   182  vl53l0x_api.o(i.VL53L0X_GetLimitCheckValue)
    VL53L0X_GetMeasurementDataReady          0x08001ab5   Thumb Code    86  vl53l0x_api.o(i.VL53L0X_GetMeasurementDataReady)
    VL53L0X_GetMeasurementTimingBudgetMicroSeconds 0x08001b0b   Thumb Code    22  vl53l0x_api.o(i.VL53L0X_GetMeasurementTimingBudgetMicroSeconds)
    VL53L0X_GetOffsetCalibrationDataMicroMeter 0x08001b21   Thumb Code    22  vl53l0x_api.o(i.VL53L0X_GetOffsetCalibrationDataMicroMeter)
    VL53L0X_GetPalErrorString                0x08001b37   Thumb Code    22  vl53l0x_api.o(i.VL53L0X_GetPalErrorString)
    VL53L0X_GetRangingMeasurementData        0x08001b4d   Thumb Code   366  vl53l0x_api.o(i.VL53L0X_GetRangingMeasurementData)
    VL53L0X_GetSequenceStepEnables           0x08001cbb   Thumb Code   118  vl53l0x_api.o(i.VL53L0X_GetSequenceStepEnables)
    VL53L0X_GetSequenceStepTimeout           0x08001d31   Thumb Code    82  vl53l0x_api.o(i.VL53L0X_GetSequenceStepTimeout)
    VL53L0X_GetVcselPulsePeriod              0x08001d83   Thumb Code    30  vl53l0x_api.o(i.VL53L0X_GetVcselPulsePeriod)
    VL53L0X_GetWrapAroundCheckEnable         0x08001da1   Thumb Code    62  vl53l0x_api.o(i.VL53L0X_GetWrapAroundCheckEnable)
    VL53L0X_GetXTalkCompensationEnable       0x08001ddf   Thumb Code    12  vl53l0x_api.o(i.VL53L0X_GetXTalkCompensationEnable)
    VL53L0X_GetXTalkCompensationRateMegaCps  0x08001deb   Thumb Code    56  vl53l0x_api.o(i.VL53L0X_GetXTalkCompensationRateMegaCps)
    VL53L0X_PerformRefCalibration            0x08001e23   Thumb Code    32  vl53l0x_api.o(i.VL53L0X_PerformRefCalibration)
    VL53L0X_PerformRefSpadManagement         0x08001e43   Thumb Code    30  vl53l0x_api.o(i.VL53L0X_PerformRefSpadManagement)
    VL53L0X_PerformSingleMeasurement         0x08001e61   Thumb Code    60  vl53l0x_api.o(i.VL53L0X_PerformSingleMeasurement)
    VL53L0X_PerformSingleRangingMeasurement  0x08001e9d   Thumb Code    56  vl53l0x_api.o(i.VL53L0X_PerformSingleRangingMeasurement)
    VL53L0X_PollingDelay                     0x08001ed5   Thumb Code    26  vl53l0x_platform.o(i.VL53L0X_PollingDelay)
    VL53L0X_RdByte                           0x08001eef   Thumb Code    44  vl53l0x_platform.o(i.VL53L0X_RdByte)
    VL53L0X_RdDWord                          0x08001f1b   Thumb Code    44  vl53l0x_platform.o(i.VL53L0X_RdDWord)
    VL53L0X_RdWord                           0x08001f47   Thumb Code    44  vl53l0x_platform.o(i.VL53L0X_RdWord)
    VL53L0X_ReadMulti                        0x08001f73   Thumb Code    54  vl53l0x_platform.o(i.VL53L0X_ReadMulti)
    VL53L0X_SetDeviceAddress                 0x08001fa9   Thumb Code    36  vl53l0x_api.o(i.VL53L0X_SetDeviceAddress)
    VL53L0X_SetDeviceMode                    0x08001fcd   Thumb Code    50  vl53l0x_api.o(i.VL53L0X_SetDeviceMode)
    VL53L0X_SetGpioConfig                    0x08001fff   Thumb Code   358  vl53l0x_api.o(i.VL53L0X_SetGpioConfig)
    VL53L0X_SetLimitCheckEnable              0x08002165   Thumb Code   194  vl53l0x_api.o(i.VL53L0X_SetLimitCheckEnable)
    VL53L0X_SetLimitCheckValue               0x08002227   Thumb Code   118  vl53l0x_api.o(i.VL53L0X_SetLimitCheckValue)
    VL53L0X_SetMeasurementTimingBudgetMicroSeconds 0x0800229d   Thumb Code    22  vl53l0x_api.o(i.VL53L0X_SetMeasurementTimingBudgetMicroSeconds)
    VL53L0X_SetSequenceStepEnable            0x080022b3   Thumb Code   196  vl53l0x_api.o(i.VL53L0X_SetSequenceStepEnable)
    VL53L0X_StartMeasurement                 0x08002377   Thumb Code   264  vl53l0x_api.o(i.VL53L0X_StartMeasurement)
    VL53L0X_StaticInit                       0x08002481   Thumb Code   410  vl53l0x_api.o(i.VL53L0X_StaticInit)
    VL53L0X_UpdateByte                       0x08002621   Thumb Code    82  vl53l0x_platform.o(i.VL53L0X_UpdateByte)
    VL53L0X_WrByte                           0x08002673   Thumb Code    44  vl53l0x_platform.o(i.VL53L0X_WrByte)
    VL53L0X_WrWord                           0x0800269f   Thumb Code    44  vl53l0x_platform.o(i.VL53L0X_WrWord)
    VL53L0X_WriteMulti                       0x080026cb   Thumb Code    60  vl53l0x_platform.o(i.VL53L0X_WriteMulti)
    VL53L0X_calc_dmax                        0x08002709   Thumb Code   390  vl53l0x_api_core.o(i.VL53L0X_calc_dmax)
    VL53L0X_calc_macro_period_ps             0x08002895   Thumb Code    22  vl53l0x_api_core.o(i.VL53L0X_calc_macro_period_ps)
    VL53L0X_calc_sigma_estimate              0x080028ad   Thumb Code   674  vl53l0x_api_core.o(i.VL53L0X_calc_sigma_estimate)
    VL53L0X_calc_timeout_mclks               0x08002b5d   Thumb Code    52  vl53l0x_api_core.o(i.VL53L0X_calc_timeout_mclks)
    VL53L0X_calc_timeout_us                  0x08002b91   Thumb Code    54  vl53l0x_api_core.o(i.VL53L0X_calc_timeout_us)
    VL53L0X_check_part_used                  0x08002bc9   Thumb Code    74  vl53l0x_api_strings.o(i.VL53L0X_check_part_used)
    VL53L0X_decode_timeout                   0x08002c19   Thumb Code    14  vl53l0x_api_core.o(i.VL53L0X_decode_timeout)
    VL53L0X_decode_vcsel_period              0x08002c27   Thumb Code    12  vl53l0x_api_core.o(i.VL53L0X_decode_vcsel_period)
    VL53L0X_device_read_strobe               0x08002c33   Thumb Code    78  vl53l0x_api_core.o(i.VL53L0X_device_read_strobe)
    VL53L0X_encode_timeout                   0x08002c81   Thumb Code    40  vl53l0x_api_core.o(i.VL53L0X_encode_timeout)
    VL53L0X_get_device_info                  0x08002ca9   Thumb Code   152  vl53l0x_api_strings.o(i.VL53L0X_get_device_info)
    VL53L0X_get_info_from_device             0x08002d85   Thumb Code  1354  vl53l0x_api_core.o(i.VL53L0X_get_info_from_device)
    VL53L0X_get_measurement_timing_budget_micro_seconds 0x080032cf   Thumb Code   238  vl53l0x_api_core.o(i.VL53L0X_get_measurement_timing_budget_micro_seconds)
    VL53L0X_get_offset_calibration_data_micro_meter 0x080033bd   Thumb Code    86  vl53l0x_api_calibration.o(i.VL53L0X_get_offset_calibration_data_micro_meter)
    VL53L0X_get_pal_error_string             0x08003415   Thumb Code   298  vl53l0x_api_strings.o(i.VL53L0X_get_pal_error_string)
    VL53L0X_get_pal_range_status             0x080036e1   Thumb Code   564  vl53l0x_api_core.o(i.VL53L0X_get_pal_range_status)
    VL53L0X_get_total_signal_rate            0x08003915   Thumb Code    40  vl53l0x_api_core.o(i.VL53L0X_get_total_signal_rate)
    VL53L0X_get_total_xtalk_rate             0x0800393d   Thumb Code    58  vl53l0x_api_core.o(i.VL53L0X_get_total_xtalk_rate)
    VL53L0X_get_vcsel_pulse_period           0x08003977   Thumb Code    70  vl53l0x_api_core.o(i.VL53L0X_get_vcsel_pulse_period)
    VL53L0X_i2c_init                         0x080039bd   Thumb Code    10  vl53l0x_i2c.o(i.VL53L0X_i2c_init)
    VL53L0X_isqrt                            0x080039c7   Thumb Code    44  vl53l0x_api_core.o(i.VL53L0X_isqrt)
    VL53L0X_load_tuning_settings             0x080039f3   Thumb Code   234  vl53l0x_api_core.o(i.VL53L0X_load_tuning_settings)
    VL53L0X_measurement_poll_for_completion  0x08003add   Thumb Code    64  vl53l0x_api_core.o(i.VL53L0X_measurement_poll_for_completion)
    VL53L0X_perform_phase_calibration        0x08003b1d   Thumb Code   124  vl53l0x_api_calibration.o(i.VL53L0X_perform_phase_calibration)
    VL53L0X_perform_ref_calibration          0x08003b99   Thumb Code    76  vl53l0x_api_calibration.o(i.VL53L0X_perform_ref_calibration)
    VL53L0X_perform_ref_spad_management      0x08003be5   Thumb Code   658  vl53l0x_api_calibration.o(i.VL53L0X_perform_ref_spad_management)
    VL53L0X_perform_single_ref_calibration   0x08003e77   Thumb Code    64  vl53l0x_api_calibration.o(i.VL53L0X_perform_single_ref_calibration)
    VL53L0X_perform_vhv_calibration          0x08003eb7   Thumb Code   126  vl53l0x_api_calibration.o(i.VL53L0X_perform_vhv_calibration)
    VL53L0X_read_byte                        0x08003f35   Thumb Code    36  vl53l0x_i2c.o(i.VL53L0X_read_byte)
    VL53L0X_read_dword                       0x08003f59   Thumb Code    58  vl53l0x_i2c.o(i.VL53L0X_read_dword)
    VL53L0X_read_multi                       0x08003f93   Thumb Code    40  vl53l0x_i2c.o(i.VL53L0X_read_multi)
    VL53L0X_read_word                        0x08003fbb   Thumb Code    42  vl53l0x_i2c.o(i.VL53L0X_read_word)
    VL53L0X_ref_calibration_io               0x08003fe5   Thumb Code   176  vl53l0x_api_calibration.o(i.VL53L0X_ref_calibration_io)
    VL53L0X_set_measurement_timing_budget_micro_seconds 0x08004095   Thumb Code   296  vl53l0x_api_core.o(i.VL53L0X_set_measurement_timing_budget_micro_seconds)
    VL53L0X_set_reference_spads              0x080041bd   Thumb Code   194  vl53l0x_api_calibration.o(i.VL53L0X_set_reference_spads)
    VL53L0X_write_byte                       0x0800427f   Thumb Code    28  vl53l0x_i2c.o(i.VL53L0X_write_byte)
    VL53L0X_write_multi                      0x0800429b   Thumb Code    40  vl53l0x_i2c.o(i.VL53L0X_write_multi)
    VL53L0X_write_word                       0x080042c3   Thumb Code    90  vl53l0x_i2c.o(i.VL53L0X_write_word)
    __scatterload_copy                       0x0800431d   Thumb Code    14  handlers.o(i.__scatterload_copy)
    __scatterload_null                       0x0800432b   Thumb Code     2  handlers.o(i.__scatterload_null)
    __scatterload_zeroinit                   0x0800432d   Thumb Code    14  handlers.o(i.__scatterload_zeroinit)
    delay_init                               0x0800433d   Thumb Code    50  delay.o(i.delay_init)
    delay_ms                                 0x08004381   Thumb Code    72  delay.o(i.delay_ms)
    enable_ref_spads                         0x080043cd   Thumb Code   172  vl53l0x_api_calibration.o(i.enable_ref_spads)
    enable_spad_bit                          0x08004479   Thumb Code    50  vl53l0x_api_calibration.o(i.enable_spad_bit)
    get_next_good_spad                       0x080044ab   Thumb Code   104  vl53l0x_api_calibration.o(i.get_next_good_spad)
    get_ref_spad_map                         0x08004513   Thumb Code    24  vl53l0x_api_calibration.o(i.get_ref_spad_map)
    get_sequence_step_timeout                0x0800452b   Thumb Code   290  vl53l0x_api_core.o(i.get_sequence_step_timeout)
    i2c_ack                                  0x0800464d   Thumb Code    52  stm32_i2c.o(i.i2c_ack)
    i2c_delay                                0x08004685   Thumb Code    14  stm32_i2c.o(i.i2c_delay)
    i2c_init                                 0x08004695   Thumb Code   204  stm32_i2c.o(i.i2c_init)
    i2c_no_ack                               0x08004765   Thumb Code    52  stm32_i2c.o(i.i2c_no_ack)
    i2c_read                                 0x0800479d   Thumb Code    36  stm32_i2c.o(i.i2c_read)
    i2c_read_buffer                          0x080047c1   Thumb Code   112  stm32_i2c.o(i.i2c_read_buffer)
    i2c_receive_byte                         0x08004831   Thumb Code    80  stm32_i2c.o(i.i2c_receive_byte)
    i2c_send_byte                            0x08004885   Thumb Code    84  stm32_i2c.o(i.i2c_send_byte)
    i2c_start                                0x080048dd   Thumb Code    78  stm32_i2c.o(i.i2c_start)
    i2c_stop                                 0x08004931   Thumb Code    54  stm32_i2c.o(i.i2c_stop)
    i2c_wait_ack                             0x0800496d   Thumb Code    72  stm32_i2c.o(i.i2c_wait_ack)
    i2c_write                                0x080049b9   Thumb Code    36  stm32_i2c.o(i.i2c_write)
    i2c_write_buffer                         0x080049dd   Thumb Code    94  stm32_i2c.o(i.i2c_write_buffer)
    is_aperture                              0x08004a3d   Thumb Code    18  vl53l0x_api_calibration.o(i.is_aperture)
    main                                     0x08004a55   Thumb Code   288  main.o(i.main)
    perform_ref_signal_measurement           0x08004b91   Thumb Code   110  vl53l0x_api_calibration.o(i.perform_ref_signal_measurement)
    print_pal_error                          0x08004bff   Thumb Code    18  vl53l0x.o(i.print_pal_error)
    sequence_step_enabled                    0x08004c11   Thumb Code    72  vl53l0x_api.o(i.sequence_step_enabled)
    set_ref_spad_map                         0x08004c59   Thumb Code    24  vl53l0x_api_calibration.o(i.set_ref_spad_map)
    set_sequence_step_timeout                0x08004c71   Thumb Code   314  vl53l0x_api_core.o(i.set_sequence_step_timeout)
    uart3_init                               0x08004dad   Thumb Code   150  usart.o(i.uart3_init)
    uart_init                                0x08004e51   Thumb Code   152  usart.o(i.uart_init)
    vl53l0x_Addr_set                         0x08004ef1   Thumb Code   146  vl53l0x.o(i.vl53l0x_Addr_set)
    vl53l0x_getdistance                      0x08004f85   Thumb Code    52  vl53l0x.o(i.vl53l0x_getdistance)
    vl53l0x_init                             0x08004fd1   Thumb Code    44  vl53l0x.o(i.vl53l0x_init)
    vl53l0x_initX                            0x0800500d   Thumb Code   246  vl53l0x.o(i.vl53l0x_initX)
    vl53l0x_measure_init                     0x08005111   Thumb Code   186  vl53l0x.o(i.vl53l0x_measure_init)
    vl53l0x_start_single_test                0x080051d1   Thumb Code    76  vl53l0x.o(i.vl53l0x_start_single_test)
    Region$$Table$$Base                      0x08005220   Number         0  anon$$obj.o(Region$$Table)
    Region$$Table$$Limit                     0x08005240   Number         0  anon$$obj.o(Region$$Table)
    SystemCoreClock                          0x20000000   Data           4  system_stm32f10x.o(.data)
    AHBPrescTable                            0x20000004   Data          16  system_stm32f10x.o(.data)
    data1                                    0x2000002c   Data           1  usart.o(.data)
    data2                                    0x2000002d   Data           1  usart.o(.data)
    USART_RX_STACOMPLETE                     0x2000002e   Data           1  usart.o(.data)
    __stdout                                 0x20000030   Data           4  usart.o(.data)
    USART_RX_STA                             0x20000034   Data           2  usart.o(.data)
    a                                        0x20000038   Data           5  main.o(.data)
    camra                                    0x2000003d   Data           7  main.o(.data)
    flag                                     0x20000044   Data           1  main.o(.data)
    twinkle_flag                             0x20000045   Data           1  main.o(.data)
    run                                      0x20000046   Data           3  main.o(.data)
    flag_langan                              0x20000049   Data           1  main.o(.data)
    x                                        0x2000004c   Data           4  main.o(.data)
    y                                        0x20000050   Data           4  main.o(.data)
    sendbuff                                 0x20000054   Data           6  vl53l0x.o(.data)
    distancebuff                             0x2000005a   Data           8  vl53l0x.o(.data)
    vl53l0x_status                           0x20000062   Data           1  vl53l0x.o(.data)
    DefaultTuningSettings                    0x20000063   Data         243  vl53l0x_api.o(.data)
    InterruptThresholdSettings               0x20000156   Data         438  vl53l0x_api.o(.data)
    refArrayQuadrants                        0x2000030c   Data          16  vl53l0x_api_calibration.o(.data)
    USART_RX_BUF                             0x2000031c   Data         200  usart.o(.bss)
    vl53l0x_dev0                             0x200003e4   Data         352  vl53l0x.o(.bss)
    vl53l0x_dev1                             0x20000544   Data         352  vl53l0x.o(.bss)
    vl53l0x_dev2                             0x200006a4   Data         352  vl53l0x.o(.bss)
    vl53l0x_dev3                             0x20000804   Data         352  vl53l0x.o(.bss)
    vl53l0x_dev_info                         0x20000964   Data          99  vl53l0x.o(.bss)
    vl53l0x_data                             0x200009c8   Data          28  vl53l0x.o(.bss)
    __initial_sp                             0x20000de8   Data           0  startup_stm32f10x_md.o(STACK)



==============================================================================

Memory Map of the image

  Image Entry point : 0x080000ed

  Load Region LR_IROM1 (Base: 0x08000000, Size: 0x0000555c, Max: 0x00010000, ABSOLUTE, COMPRESSED[0x000054e8])

    Execution Region ER_IROM1 (Exec base: 0x08000000, Load base: 0x08000000, Size: 0x00005240, Max: 0x00010000, ABSOLUTE)

    Exec Addr    Load Addr    Size         Type   Attr      Idx    E Section Name        Object

    0x08000000   0x08000000   0x000000ec   Data   RO            3    RESET               startup_stm32f10x_md.o
    0x080000ec   0x080000ec   0x00000000   Code   RO         5169  * .ARM.Collect$$$$00000000  mc_w.l(entry.o)
    0x080000ec   0x080000ec   0x00000004   Code   RO         5483    .ARM.Collect$$$$00000001  mc_w.l(entry2.o)
    0x080000f0   0x080000f0   0x00000004   Code   RO         5486    .ARM.Collect$$$$00000004  mc_w.l(entry5.o)
    0x080000f4   0x080000f4   0x00000000   Code   RO         5488    .ARM.Collect$$$$00000008  mc_w.l(entry7b.o)
    0x080000f4   0x080000f4   0x00000000   Code   RO         5490    .ARM.Collect$$$$0000000A  mc_w.l(entry8b.o)
    0x080000f4   0x080000f4   0x00000008   Code   RO         5491    .ARM.Collect$$$$0000000B  mc_w.l(entry9a.o)
    0x080000fc   0x080000fc   0x00000004   Code   RO         5498    .ARM.Collect$$$$0000000E  mc_w.l(entry12b.o)
    0x08000100   0x08000100   0x00000000   Code   RO         5493    .ARM.Collect$$$$0000000F  mc_w.l(entry10a.o)
    0x08000100   0x08000100   0x00000000   Code   RO         5495    .ARM.Collect$$$$00000011  mc_w.l(entry11a.o)
    0x08000100   0x08000100   0x00000004   Code   RO         5484    .ARM.Collect$$$$00002712  mc_w.l(entry2.o)
    0x08000104   0x08000104   0x00000024   Code   RO            4    .text               startup_stm32f10x_md.o
    0x08000128   0x08000128   0x00000024   Code   RO         5176    .text               mc_w.l(memcpya.o)
    0x0800014c   0x0800014c   0x00000024   Code   RO         5178    .text               mc_w.l(memseta.o)
    0x08000170   0x08000170   0x00000012   Code   RO         5182    .text               mc_w.l(strcpy.o)
    0x08000182   0x08000182   0x000000b0   Code   RO         5475    .text               mf_w.l(fadd.o)
    0x08000232   0x08000232   0x00000064   Code   RO         5477    .text               mf_w.l(fmul.o)
    0x08000296   0x08000296   0x0000007c   Code   RO         5479    .text               mf_w.l(fdiv.o)
    0x08000312   0x08000312   0x00000028   Code   RO         5481    .text               mf_w.l(ffixui.o)
    0x0800033a   0x0800033a   0x00000000   Code   RO         5505    .text               mc_w.l(iusefp.o)
    0x0800033a   0x0800033a   0x0000006e   Code   RO         5506    .text               mf_w.l(fepilogue.o)
    0x080003a8   0x080003a8   0x00000024   Code   RO         5518    .text               mc_w.l(init.o)
    0x080003cc   0x080003cc   0x0000005e   Code   RO         5536    .text               mc_w.l(__dclz77c.o)
    0x0800042a   0x0800042a   0x00000004   Code   RO         3697    i.BusFault_Handler  stm32f10x_it.o
    0x0800042e   0x0800042e   0x00000002   Code   RO         3698    i.DebugMon_Handler  stm32f10x_it.o
    0x08000430   0x08000430   0x00000116   Code   RO         1347    i.GPIO_Init         stm32f10x_gpio.o
    0x08000546   0x08000546   0x00000002   PAD
    0x08000548   0x08000548   0x00000090   Code   RO         1349    i.GPIO_PinRemapConfig  stm32f10x_gpio.o
    0x080005d8   0x080005d8   0x00000012   Code   RO         1351    i.GPIO_ReadInputDataBit  stm32f10x_gpio.o
    0x080005ea   0x080005ea   0x00000012   Code   RO         1353    i.GPIO_ReadOutputDataBit  stm32f10x_gpio.o
    0x080005fc   0x080005fc   0x00000004   Code   RO         1354    i.GPIO_ResetBits    stm32f10x_gpio.o
    0x08000600   0x08000600   0x00000004   Code   RO         1355    i.GPIO_SetBits      stm32f10x_gpio.o
    0x08000604   0x08000604   0x0000000a   Code   RO         1358    i.GPIO_WriteBit     stm32f10x_gpio.o
    0x0800060e   0x0800060e   0x00000004   Code   RO         3699    i.HardFault_Handler  stm32f10x_it.o
    0x08000612   0x08000612   0x00000008   Code   RO         3786    i.IWDG_Feed         iwdg.o
    0x0800061a   0x0800061a   0x00000002   PAD
    0x0800061c   0x0800061c   0x00000010   Code   RO         1667    i.IWDG_ReloadCounter  stm32f10x_iwdg.o
    0x0800062c   0x0800062c   0x00000060   Code   RO         3523    i.Key_GetNum        key.o
    0x0800068c   0x0800068c   0x0000002c   Code   RO         3524    i.Key_Init          key.o
    0x080006b8   0x080006b8   0x00000030   Code   RO         3215    i.L298N_Init        l298n.o
    0x080006e8   0x080006e8   0x00000024   Code   RO         3241    i.Led_G             led.o
    0x0800070c   0x0800070c   0x00000048   Code   RO         3242    i.Led_Init          led.o
    0x08000754   0x08000754   0x00000024   Code   RO         3243    i.Led_R             led.o
    0x08000778   0x08000778   0x00000034   Code   RO         3246    i.Led_twinkle       led.o
    0x080007ac   0x080007ac   0x00000004   Code   RO         3700    i.MemManage_Handler  stm32f10x_it.o
    0x080007b0   0x080007b0   0x00000002   Code   RO         3701    i.NMI_Handler       stm32f10x_it.o
    0x080007b2   0x080007b2   0x0000000c   Code   RO         3437    i.NVIC_Configuration  sys.o
    0x080007be   0x080007be   0x00000002   PAD
    0x080007c0   0x080007c0   0x00000070   Code   RO          137    i.NVIC_Init         misc.o
    0x08000830   0x08000830   0x00000014   Code   RO          138    i.NVIC_PriorityGroupConfig  misc.o
    0x08000844   0x08000844   0x000000a0   Code   RO         3196    i.PWM2_Init         pwm2.o
    0x080008e4   0x080008e4   0x000000b0   Code   RO         3283    i.PWM_Init          pwm.o
    0x08000994   0x08000994   0x00000010   Code   RO         3284    i.PWM_SetCompare2   pwm.o
    0x080009a4   0x080009a4   0x00000002   Code   RO         3702    i.PendSV_Handler    stm32f10x_it.o
    0x080009a6   0x080009a6   0x00000002   PAD
    0x080009a8   0x080009a8   0x00000020   Code   RO         1775    i.RCC_APB1PeriphClockCmd  stm32f10x_rcc.o
    0x080009c8   0x080009c8   0x00000020   Code   RO         1776    i.RCC_APB1PeriphResetCmd  stm32f10x_rcc.o
    0x080009e8   0x080009e8   0x00000020   Code   RO         1777    i.RCC_APB2PeriphClockCmd  stm32f10x_rcc.o
    0x08000a08   0x08000a08   0x00000020   Code   RO         1778    i.RCC_APB2PeriphResetCmd  stm32f10x_rcc.o
    0x08000a28   0x08000a28   0x000000d4   Code   RO         1785    i.RCC_GetClocksFreq  stm32f10x_rcc.o
    0x08000afc   0x08000afc   0x00000002   Code   RO         3703    i.SVC_Handler       stm32f10x_it.o
    0x08000afe   0x08000afe   0x0000001a   Code   RO         3452    i.Seiral_SendMessage  usart.o
    0x08000b18   0x08000b18   0x0000001a   Code   RO         3453    i.Seiral_SendMessage3  usart.o
    0x08000b32   0x08000b32   0x00000002   PAD
    0x08000b34   0x08000b34   0x00000150   Code   RO         3544    i.SendCamraData     main.o
    0x08000c84   0x08000c84   0x00000048   Code   RO         3545    i.SendData          main.o
    0x08000ccc   0x08000ccc   0x00000020   Code   RO         3546    i.SendKeyData       main.o
    0x08000cec   0x08000cec   0x00000010   Code   RO         3547    i.SendTrainData     main.o
    0x08000cfc   0x08000cfc   0x00000020   Code   RO         3454    i.Serila_SendData   usart.o
    0x08000d1c   0x08000d1c   0x00000020   Code   RO         3455    i.Serila_SendData3  usart.o
    0x08000d3c   0x08000d3c   0x00000008   Code   RO         3301    i.Servo_Init        servo.o
    0x08000d44   0x08000d44   0x0000003c   Code   RO         3302    i.Servo_SetAngle    servo.o
    0x08000d80   0x08000d80   0x00000008   Code   RO           24    i.SetSysClock       system_stm32f10x.o
    0x08000d88   0x08000d88   0x000000e0   Code   RO           25    i.SetSysClockTo72   system_stm32f10x.o
    0x08000e68   0x08000e68   0x00000028   Code   RO          141    i.SysTick_CLKSourceConfig  misc.o
    0x08000e90   0x08000e90   0x00000002   Code   RO         3704    i.SysTick_Handler   stm32f10x_it.o
    0x08000e92   0x08000e92   0x00000002   PAD
    0x08000e94   0x08000e94   0x00000060   Code   RO           27    i.SystemInit        system_stm32f10x.o
    0x08000ef4   0x08000ef4   0x00000020   Code   RO         3804    i.TIM3_IRQHandler   timer.o
    0x08000f14   0x08000f14   0x00000024   Code   RO         3548    i.TIM4_IRQHandler   main.o
    0x08000f38   0x08000f38   0x00000006   Code   RO         2416    i.TIM_ClearITPendingBit  stm32f10x_tim.o
    0x08000f3e   0x08000f3e   0x00000018   Code   RO         2421    i.TIM_Cmd           stm32f10x_tim.o
    0x08000f56   0x08000f56   0x00000002   PAD
    0x08000f58   0x08000f58   0x000001e8   Code   RO         2426    i.TIM_DeInit        stm32f10x_tim.o
    0x08001140   0x08001140   0x00000022   Code   RO         2442    i.TIM_GetITStatus   stm32f10x_tim.o
    0x08001162   0x08001162   0x00000012   Code   RO         2446    i.TIM_ITConfig      stm32f10x_tim.o
    0x08001174   0x08001174   0x0000000c   Code   RO         2448    i.TIM_InternalClockConfig  stm32f10x_tim.o
    0x08001180   0x08001180   0x000000a4   Code   RO         2455    i.TIM_OC2Init       stm32f10x_tim.o
    0x08001224   0x08001224   0x00000014   Code   RO         2468    i.TIM_OCStructInit  stm32f10x_tim.o
    0x08001238   0x08001238   0x00000004   Code   RO         2483    i.TIM_SetCompare2   stm32f10x_tim.o
    0x0800123c   0x0800123c   0x000000a4   Code   RO         2492    i.TIM_TimeBaseInit  stm32f10x_tim.o
    0x080012e0   0x080012e0   0x0000009c   Code   RO         3549    i.Timer4_Init       main.o
    0x0800137c   0x0800137c   0x0000007c   Code   RO         3456    i.USART1_IRQHandler  usart.o
    0x080013f8   0x080013f8   0x0000001e   Code   RO         2957    i.USART_ClearITPendingBit  stm32f10x_usart.o
    0x08001416   0x08001416   0x00000018   Code   RO         2960    i.USART_Cmd         stm32f10x_usart.o
    0x0800142e   0x0800142e   0x0000001a   Code   RO         2963    i.USART_GetFlagStatus  stm32f10x_usart.o
    0x08001448   0x08001448   0x00000054   Code   RO         2964    i.USART_GetITStatus  stm32f10x_usart.o
    0x0800149c   0x0800149c   0x0000004a   Code   RO         2966    i.USART_ITConfig    stm32f10x_usart.o
    0x080014e6   0x080014e6   0x00000002   PAD
    0x080014e8   0x080014e8   0x000000d8   Code   RO         2967    i.USART_Init        stm32f10x_usart.o
    0x080015c0   0x080015c0   0x0000000a   Code   RO         2974    i.USART_ReceiveData  stm32f10x_usart.o
    0x080015ca   0x080015ca   0x00000008   Code   RO         2977    i.USART_SendData    stm32f10x_usart.o
    0x080015d2   0x080015d2   0x00000004   Code   RO         3705    i.UsageFault_Handler  stm32f10x_it.o
    0x080015d6   0x080015d6   0x00000002   PAD
    0x080015d8   0x080015d8   0x00000084   Code   RO         4188    i.VL53L0X_CheckAndLoadInterruptSettings  vl53l0x_api.o
    0x0800165c   0x0800165c   0x00000052   Code   RO         4189    i.VL53L0X_ClearInterruptMask  vl53l0x_api.o
    0x080016ae   0x080016ae   0x00000002   PAD
    0x080016b0   0x080016b0   0x000001a0   Code   RO         4190    i.VL53L0X_DataInit  vl53l0x_api.o
    0x08001850   0x08001850   0x00000016   Code   RO         4194    i.VL53L0X_GetDeviceInfo  vl53l0x_api.o
    0x08001866   0x08001866   0x0000000a   Code   RO         4195    i.VL53L0X_GetDeviceMode  vl53l0x_api.o
    0x08001870   0x08001870   0x000000a0   Code   RO         4196    i.VL53L0X_GetDeviceParameters  vl53l0x_api.o
    0x08001910   0x08001910   0x00000022   Code   RO         4198    i.VL53L0X_GetFractionEnable  vl53l0x_api.o
    0x08001932   0x08001932   0x0000003e   Code   RO         4202    i.VL53L0X_GetInterMeasurementPeriodMilliSeconds  vl53l0x_api.o
    0x08001970   0x08001970   0x00000030   Code   RO         4203    i.VL53L0X_GetInterruptMaskStatus  vl53l0x_api.o
    0x080019a0   0x080019a0   0x00000042   Code   RO         4204    i.VL53L0X_GetInterruptThresholds  vl53l0x_api.o
    0x080019e2   0x080019e2   0x0000001c   Code   RO         4206    i.VL53L0X_GetLimitCheckEnable  vl53l0x_api.o
    0x080019fe   0x080019fe   0x000000b6   Code   RO         4209    i.VL53L0X_GetLimitCheckValue  vl53l0x_api.o
    0x08001ab4   0x08001ab4   0x00000056   Code   RO         4212    i.VL53L0X_GetMeasurementDataReady  vl53l0x_api.o
    0x08001b0a   0x08001b0a   0x00000016   Code   RO         4214    i.VL53L0X_GetMeasurementTimingBudgetMicroSeconds  vl53l0x_api.o
    0x08001b20   0x08001b20   0x00000016   Code   RO         4218    i.VL53L0X_GetOffsetCalibrationDataMicroMeter  vl53l0x_api.o
    0x08001b36   0x08001b36   0x00000016   Code   RO         4219    i.VL53L0X_GetPalErrorString  vl53l0x_api.o
    0x08001b4c   0x08001b4c   0x0000016e   Code   RO         4226    i.VL53L0X_GetRangingMeasurementData  vl53l0x_api.o
    0x08001cba   0x08001cba   0x00000076   Code   RO         4230    i.VL53L0X_GetSequenceStepEnables  vl53l0x_api.o
    0x08001d30   0x08001d30   0x00000052   Code   RO         4231    i.VL53L0X_GetSequenceStepTimeout  vl53l0x_api.o
    0x08001d82   0x08001d82   0x0000001e   Code   RO         4239    i.VL53L0X_GetVcselPulsePeriod  vl53l0x_api.o
    0x08001da0   0x08001da0   0x0000003e   Code   RO         4241    i.VL53L0X_GetWrapAroundCheckEnable  vl53l0x_api.o
    0x08001dde   0x08001dde   0x0000000c   Code   RO         4242    i.VL53L0X_GetXTalkCompensationEnable  vl53l0x_api.o
    0x08001dea   0x08001dea   0x00000038   Code   RO         4243    i.VL53L0X_GetXTalkCompensationRateMegaCps  vl53l0x_api.o
    0x08001e22   0x08001e22   0x00000020   Code   RO         4245    i.VL53L0X_PerformRefCalibration  vl53l0x_api.o
    0x08001e42   0x08001e42   0x0000001e   Code   RO         4246    i.VL53L0X_PerformRefSpadManagement  vl53l0x_api.o
    0x08001e60   0x08001e60   0x0000003c   Code   RO         4248    i.VL53L0X_PerformSingleMeasurement  vl53l0x_api.o
    0x08001e9c   0x08001e9c   0x00000038   Code   RO         4249    i.VL53L0X_PerformSingleRangingMeasurement  vl53l0x_api.o
    0x08001ed4   0x08001ed4   0x0000001a   Code   RO         3983    i.VL53L0X_PollingDelay  vl53l0x_platform.o
    0x08001eee   0x08001eee   0x0000002c   Code   RO         3984    i.VL53L0X_RdByte    vl53l0x_platform.o
    0x08001f1a   0x08001f1a   0x0000002c   Code   RO         3985    i.VL53L0X_RdDWord   vl53l0x_platform.o
    0x08001f46   0x08001f46   0x0000002c   Code   RO         3986    i.VL53L0X_RdWord    vl53l0x_platform.o
    0x08001f72   0x08001f72   0x00000036   Code   RO         3987    i.VL53L0X_ReadMulti  vl53l0x_platform.o
    0x08001fa8   0x08001fa8   0x00000024   Code   RO         4253    i.VL53L0X_SetDeviceAddress  vl53l0x_api.o
    0x08001fcc   0x08001fcc   0x00000032   Code   RO         4254    i.VL53L0X_SetDeviceMode  vl53l0x_api.o
    0x08001ffe   0x08001ffe   0x00000166   Code   RO         4257    i.VL53L0X_SetGpioConfig  vl53l0x_api.o
    0x08002164   0x08002164   0x000000c2   Code   RO         4262    i.VL53L0X_SetLimitCheckEnable  vl53l0x_api.o
    0x08002226   0x08002226   0x00000076   Code   RO         4263    i.VL53L0X_SetLimitCheckValue  vl53l0x_api.o
    0x0800229c   0x0800229c   0x00000016   Code   RO         4265    i.VL53L0X_SetMeasurementTimingBudgetMicroSeconds  vl53l0x_api.o
    0x080022b2   0x080022b2   0x000000c4   Code   RO         4272    i.VL53L0X_SetSequenceStepEnable  vl53l0x_api.o
    0x08002376   0x08002376   0x00000108   Code   RO         4281    i.VL53L0X_StartMeasurement  vl53l0x_api.o
    0x0800247e   0x0800247e   0x00000002   PAD
    0x08002480   0x08002480   0x000001a0   Code   RO         4282    i.VL53L0X_StaticInit  vl53l0x_api.o
    0x08002620   0x08002620   0x00000052   Code   RO         3989    i.VL53L0X_UpdateByte  vl53l0x_platform.o
    0x08002672   0x08002672   0x0000002c   Code   RO         3990    i.VL53L0X_WrByte    vl53l0x_platform.o
    0x0800269e   0x0800269e   0x0000002c   Code   RO         3992    i.VL53L0X_WrWord    vl53l0x_platform.o
    0x080026ca   0x080026ca   0x0000003c   Code   RO         3993    i.VL53L0X_WriteMulti  vl53l0x_platform.o
    0x08002706   0x08002706   0x00000002   PAD
    0x08002708   0x08002708   0x0000018c   Code   RO         4953    i.VL53L0X_calc_dmax  vl53l0x_api_core.o
    0x08002894   0x08002894   0x00000016   Code   RO         4954    i.VL53L0X_calc_macro_period_ps  vl53l0x_api_core.o
    0x080028aa   0x080028aa   0x00000002   PAD
    0x080028ac   0x080028ac   0x000002b0   Code   RO         4955    i.VL53L0X_calc_sigma_estimate  vl53l0x_api_core.o
    0x08002b5c   0x08002b5c   0x00000034   Code   RO         4956    i.VL53L0X_calc_timeout_mclks  vl53l0x_api_core.o
    0x08002b90   0x08002b90   0x00000036   Code   RO         4957    i.VL53L0X_calc_timeout_us  vl53l0x_api_core.o
    0x08002bc6   0x08002bc6   0x00000002   PAD
    0x08002bc8   0x08002bc8   0x00000050   Code   RO         5115    i.VL53L0X_check_part_used  vl53l0x_api_strings.o
    0x08002c18   0x08002c18   0x0000000e   Code   RO         4958    i.VL53L0X_decode_timeout  vl53l0x_api_core.o
    0x08002c26   0x08002c26   0x0000000c   Code   RO         4959    i.VL53L0X_decode_vcsel_period  vl53l0x_api_core.o
    0x08002c32   0x08002c32   0x0000004e   Code   RO         4960    i.VL53L0X_device_read_strobe  vl53l0x_api_core.o
    0x08002c80   0x08002c80   0x00000028   Code   RO         4961    i.VL53L0X_encode_timeout  vl53l0x_api_core.o
    0x08002ca8   0x08002ca8   0x000000dc   Code   RO         5117    i.VL53L0X_get_device_info  vl53l0x_api_strings.o
    0x08002d84   0x08002d84   0x0000054a   Code   RO         4963    i.VL53L0X_get_info_from_device  vl53l0x_api_core.o
    0x080032ce   0x080032ce   0x000000ee   Code   RO         4964    i.VL53L0X_get_measurement_timing_budget_micro_seconds  vl53l0x_api_core.o
    0x080033bc   0x080033bc   0x00000056   Code   RO         4807    i.VL53L0X_get_offset_calibration_data_micro_meter  vl53l0x_api_calibration.o
    0x08003412   0x08003412   0x00000002   PAD
    0x08003414   0x08003414   0x000002cc   Code   RO         5119    i.VL53L0X_get_pal_error_string  vl53l0x_api_strings.o
    0x080036e0   0x080036e0   0x00000234   Code   RO         4965    i.VL53L0X_get_pal_range_status  vl53l0x_api_core.o
    0x08003914   0x08003914   0x00000028   Code   RO         4966    i.VL53L0X_get_total_signal_rate  vl53l0x_api_core.o
    0x0800393c   0x0800393c   0x0000003a   Code   RO         4967    i.VL53L0X_get_total_xtalk_rate  vl53l0x_api_core.o
    0x08003976   0x08003976   0x00000046   Code   RO         4968    i.VL53L0X_get_vcsel_pulse_period  vl53l0x_api_core.o
    0x080039bc   0x080039bc   0x0000000a   Code   RO         3916    i.VL53L0X_i2c_init  vl53l0x_i2c.o
    0x080039c6   0x080039c6   0x0000002c   Code   RO         4969    i.VL53L0X_isqrt     vl53l0x_api_core.o
    0x080039f2   0x080039f2   0x000000ea   Code   RO         4970    i.VL53L0X_load_tuning_settings  vl53l0x_api_core.o
    0x08003adc   0x08003adc   0x00000040   Code   RO         4971    i.VL53L0X_measurement_poll_for_completion  vl53l0x_api_core.o
    0x08003b1c   0x08003b1c   0x0000007c   Code   RO         4811    i.VL53L0X_perform_phase_calibration  vl53l0x_api_calibration.o
    0x08003b98   0x08003b98   0x0000004c   Code   RO         4812    i.VL53L0X_perform_ref_calibration  vl53l0x_api_calibration.o
    0x08003be4   0x08003be4   0x00000292   Code   RO         4813    i.VL53L0X_perform_ref_spad_management  vl53l0x_api_calibration.o
    0x08003e76   0x08003e76   0x00000040   Code   RO         4814    i.VL53L0X_perform_single_ref_calibration  vl53l0x_api_calibration.o
    0x08003eb6   0x08003eb6   0x0000007e   Code   RO         4815    i.VL53L0X_perform_vhv_calibration  vl53l0x_api_calibration.o
    0x08003f34   0x08003f34   0x00000024   Code   RO         3917    i.VL53L0X_read_byte  vl53l0x_i2c.o
    0x08003f58   0x08003f58   0x0000003a   Code   RO         3918    i.VL53L0X_read_dword  vl53l0x_i2c.o
    0x08003f92   0x08003f92   0x00000028   Code   RO         3919    i.VL53L0X_read_multi  vl53l0x_i2c.o
    0x08003fba   0x08003fba   0x0000002a   Code   RO         3920    i.VL53L0X_read_word  vl53l0x_i2c.o
    0x08003fe4   0x08003fe4   0x000000b0   Code   RO         4817    i.VL53L0X_ref_calibration_io  vl53l0x_api_calibration.o
    0x08004094   0x08004094   0x00000128   Code   RO         4974    i.VL53L0X_set_measurement_timing_budget_micro_seconds  vl53l0x_api_core.o
    0x080041bc   0x080041bc   0x000000c2   Code   RO         4820    i.VL53L0X_set_reference_spads  vl53l0x_api_calibration.o
    0x0800427e   0x0800427e   0x0000001c   Code   RO         3921    i.VL53L0X_write_byte  vl53l0x_i2c.o
    0x0800429a   0x0800429a   0x00000028   Code   RO         3923    i.VL53L0X_write_multi  vl53l0x_i2c.o
    0x080042c2   0x080042c2   0x0000005a   Code   RO         3924    i.VL53L0X_write_word  vl53l0x_i2c.o
    0x0800431c   0x0800431c   0x0000000e   Code   RO         5530    i.__scatterload_copy  mc_w.l(handlers.o)
    0x0800432a   0x0800432a   0x00000002   Code   RO         5531    i.__scatterload_null  mc_w.l(handlers.o)
    0x0800432c   0x0800432c   0x0000000e   Code   RO         5532    i.__scatterload_zeroinit  mc_w.l(handlers.o)
    0x0800433a   0x0800433a   0x00000002   PAD
    0x0800433c   0x0800433c   0x00000044   Code   RO         3322    i.delay_init        delay.o
    0x08004380   0x08004380   0x0000004c   Code   RO         3323    i.delay_ms          delay.o
    0x080043cc   0x080043cc   0x000000ac   Code   RO         4822    i.enable_ref_spads  vl53l0x_api_calibration.o
    0x08004478   0x08004478   0x00000032   Code   RO         4823    i.enable_spad_bit   vl53l0x_api_calibration.o
    0x080044aa   0x080044aa   0x00000068   Code   RO         4824    i.get_next_good_spad  vl53l0x_api_calibration.o
    0x08004512   0x08004512   0x00000018   Code   RO         4825    i.get_ref_spad_map  vl53l0x_api_calibration.o
    0x0800452a   0x0800452a   0x00000122   Code   RO         4976    i.get_sequence_step_timeout  vl53l0x_api_core.o
    0x0800464c   0x0800464c   0x00000038   Code   RO         3823    i.i2c_ack           stm32_i2c.o
    0x08004684   0x08004684   0x0000000e   Code   RO         3824    i.i2c_delay         stm32_i2c.o
    0x08004692   0x08004692   0x00000002   PAD
    0x08004694   0x08004694   0x000000d0   Code   RO         3825    i.i2c_init          stm32_i2c.o
    0x08004764   0x08004764   0x00000038   Code   RO         3826    i.i2c_no_ack        stm32_i2c.o
    0x0800479c   0x0800479c   0x00000024   Code   RO         3827    i.i2c_read          stm32_i2c.o
    0x080047c0   0x080047c0   0x00000070   Code   RO         3828    i.i2c_read_buffer   stm32_i2c.o
    0x08004830   0x08004830   0x00000054   Code   RO         3829    i.i2c_receive_byte  stm32_i2c.o
    0x08004884   0x08004884   0x00000058   Code   RO         3830    i.i2c_send_byte     stm32_i2c.o
    0x080048dc   0x080048dc   0x00000054   Code   RO         3831    i.i2c_start         stm32_i2c.o
    0x08004930   0x08004930   0x0000003c   Code   RO         3832    i.i2c_stop          stm32_i2c.o
    0x0800496c   0x0800496c   0x0000004c   Code   RO         3833    i.i2c_wait_ack      stm32_i2c.o
    0x080049b8   0x080049b8   0x00000024   Code   RO         3834    i.i2c_write         stm32_i2c.o
    0x080049dc   0x080049dc   0x0000005e   Code   RO         3835    i.i2c_write_buffer  stm32_i2c.o
    0x08004a3a   0x08004a3a   0x00000002   PAD
    0x08004a3c   0x08004a3c   0x00000018   Code   RO         4826    i.is_aperture       vl53l0x_api_calibration.o
    0x08004a54   0x08004a54   0x0000013c   Code   RO         3550    i.main              main.o
    0x08004b90   0x08004b90   0x0000006e   Code   RO         4827    i.perform_ref_signal_measurement  vl53l0x_api_calibration.o
    0x08004bfe   0x08004bfe   0x00000012   Code   RO         4123    i.print_pal_error   vl53l0x.o
    0x08004c10   0x08004c10   0x00000048   Code   RO         4286    i.sequence_step_enabled  vl53l0x_api.o
    0x08004c58   0x08004c58   0x00000018   Code   RO         4828    i.set_ref_spad_map  vl53l0x_api_calibration.o
    0x08004c70   0x08004c70   0x0000013a   Code   RO         4977    i.set_sequence_step_timeout  vl53l0x_api_core.o
    0x08004daa   0x08004daa   0x00000002   PAD
    0x08004dac   0x08004dac   0x000000a4   Code   RO         3459    i.uart3_init        usart.o
    0x08004e50   0x08004e50   0x000000a0   Code   RO         3460    i.uart_init         usart.o
    0x08004ef0   0x08004ef0   0x00000092   Code   RO         4125    i.vl53l0x_Addr_set  vl53l0x.o
    0x08004f82   0x08004f82   0x00000002   PAD
    0x08004f84   0x08004f84   0x0000004c   Code   RO         4126    i.vl53l0x_getdistance  vl53l0x.o
    0x08004fd0   0x08004fd0   0x0000003c   Code   RO         4127    i.vl53l0x_init      vl53l0x.o
    0x0800500c   0x0800500c   0x00000104   Code   RO         4128    i.vl53l0x_initX     vl53l0x.o
    0x08005110   0x08005110   0x000000c0   Code   RO         4129    i.vl53l0x_measure_init  vl53l0x.o
    0x080051d0   0x080051d0   0x00000050   Code   RO         4130    i.vl53l0x_start_single_test  vl53l0x.o
    0x08005220   0x08005220   0x00000020   Data   RO         5528    Region$$Table       anon$$obj.o


    Execution Region RW_IRAM1 (Exec base: 0x20000000, Load base: 0x08005240, Size: 0x00000de8, Max: 0x00005000, ABSOLUTE, COMPRESSED[0x000002a8])

    Exec Addr    Load Addr    Size         Type   Attr      Idx    E Section Name        Object

    0x20000000   COMPRESSED   0x00000014   Data   RW           28    .data               system_stm32f10x.o
    0x20000014   COMPRESSED   0x00000014   Data   RW         1805    .data               stm32f10x_rcc.o
    0x20000028   COMPRESSED   0x00000004   Data   RW         3325    .data               delay.o
    0x2000002c   COMPRESSED   0x0000000b   Data   RW         3462    .data               usart.o
    0x20000037   COMPRESSED   0x00000001   PAD
    0x20000038   COMPRESSED   0x0000001c   Data   RW         3551    .data               main.o
    0x20000054   COMPRESSED   0x0000000f   Data   RW         4132    .data               vl53l0x.o
    0x20000063   COMPRESSED   0x000002a9   Data   RW         4287    .data               vl53l0x_api.o
    0x2000030c   COMPRESSED   0x00000010   Data   RW         4829    .data               vl53l0x_api_calibration.o
    0x2000031c        -       0x000000c8   Zero   RW         3461    .bss                usart.o
    0x200003e4        -       0x00000600   Zero   RW         4131    .bss                vl53l0x.o
    0x200009e4   COMPRESSED   0x00000004   PAD
    0x200009e8        -       0x00000400   Zero   RW            1    STACK               startup_stm32f10x_md.o


==============================================================================

Image component sizes


      Code (inc. data)   RO Data    RW Data    ZI Data      Debug   Object Name

         0          0          0          0          0       4508   core_cm3.o
       144         22          0          4          0     239324   delay.o
         8          0          0          0          0        432   iwdg.o
       140          8          0          0          0       1004   key.o
        48          6          0          0          0        453   l298n.o
       196         16          0          0          0       1633   led.o
       964        110          0         28          0     223920   main.o
       172         22          0          0          0     205089   misc.o
       192         14          0          0          0       1049   pwm.o
       160         12          0          0          0        596   pwm2.o
        68         12          0          0          0        870   servo.o
        36          8        236          0       1024        788   startup_stm32f10x_md.o
      1004         36          0          0          0       8483   stm32_i2c.o
       476          6          0          0          0      13495   stm32f10x_gpio.o
        26          0          0          0          0       3514   stm32f10x_it.o
        16          6          0          0          0        413   stm32f10x_iwdg.o
       340         44          0         20          0      13852   stm32f10x_rcc.o
       934        116          0          0          0      26240   stm32f10x_tim.o
       472          6          0          0          0      12227   stm32f10x_usart.o
        12          0          0          0          0        461   sys.o
       328         28          0         20          0      39281   system_stm32f10x.o
        32          6          0          0          0        458   timer.o
       564         50          0         11        200       6270   usart.o
       832         64          0         15       1536       5958   vl53l0x.o
      4024         64          0        681          0      29595   vl53l0x_api.o
      2012          6          0         16          0      14531   vl53l0x_api_calibration.o
      4922         20          0          0          0      24676   vl53l0x_api_core.o
      1016        500          0          0          0       3099   vl53l0x_api_strings.o
       344          0          0          0          0       6513   vl53l0x_i2c.o
       442          0          0          0          0      22995   vl53l0x_platform.o

    ----------------------------------------------------------------------
     19962       1182        268        796       2764     911727   Object Totals
         0          0         32          0          0          0   (incl. Generated)
        38          0          0          1          4          0   (incl. Padding)

    ----------------------------------------------------------------------

      Code (inc. data)   RO Data    RW Data    ZI Data      Debug   Library Member Name

        94          0          0          0          0          0   __dclz77c.o
         0          0          0          0          0          0   entry.o
         0          0          0          0          0          0   entry10a.o
         0          0          0          0          0          0   entry11a.o
         4          0          0          0          0          0   entry12b.o
         8          4          0          0          0          0   entry2.o
         4          0          0          0          0          0   entry5.o
         0          0          0          0          0          0   entry7b.o
         0          0          0          0          0          0   entry8b.o
         8          4          0          0          0          0   entry9a.o
        30          0          0          0          0          0   handlers.o
        36          8          0          0          0         68   init.o
         0          0          0          0          0          0   iusefp.o
        36          0          0          0          0         68   memcpya.o
        36          0          0          0          0        108   memseta.o
        18          0          0          0          0         68   strcpy.o
       176          0          0          0          0        140   fadd.o
       124          0          0          0          0         88   fdiv.o
       110          0          0          0          0        168   fepilogue.o
        40          0          0          0          0         68   ffixui.o
       100          0          0          0          0         76   fmul.o

    ----------------------------------------------------------------------
       826         16          0          0          0        852   Library Totals
         2          0          0          0          0          0   (incl. Padding)

    ----------------------------------------------------------------------

      Code (inc. data)   RO Data    RW Data    ZI Data      Debug   Library Name

       274         16          0          0          0        312   mc_w.l
       550          0          0          0          0        540   mf_w.l

    ----------------------------------------------------------------------
       826         16          0          0          0        852   Library Totals

    ----------------------------------------------------------------------

==============================================================================


      Code (inc. data)   RO Data    RW Data    ZI Data      Debug   

     20788       1198        268        796       2764     902775   Grand Totals
     20788       1198        268        680       2764     902775   ELF Image Totals (compressed)
     20788       1198        268        680          0          0   ROM Totals

==============================================================================

    Total RO  Size (Code + RO Data)                21056 (  20.56kB)
    Total RW  Size (RW Data + ZI Data)              3560 (   3.48kB)
    Total ROM Size (Code + RO Data + RW Data)      21736 (  21.23kB)

==============================================================================

