<html>
<body>
<pre>
<h1>礦ision Build Log</h1>
<h2>Tool Versions:</h2>
IDE-Version: μVision V5.36.0.0
Copyright (C) 2021 ARM Ltd and ARM Germany GmbH. All rights reserved.
License Information: w 2819718, HP Inc., LIC=FYKYW-QPZQA-GKSBG-V9W0Y-5AINQ-DID0C
 
Tool Versions:
Toolchain:       MDK-ARM Plus  Version: 5.36.0.0
Toolchain Path:  C:\Keil_v5\ARM\ARMCC\Bin
C Compiler:      Armcc.exe V5.06 update 7 (build 960)
Assembler:       Armasm.exe V5.06 update 7 (build 960)
Linker/Locator:  ArmLink.exe V5.06 update 7 (build 960)
Library Manager: ArmAr.exe V5.06 update 7 (build 960)
Hex Converter:   FromElf.exe V5.06 update 7 (build 960)
CPU DLL:         SARMCM3.DLL V5.36.0.0
Dialog DLL:      DCM.DLL V1.17.3.0
Target DLL:      STLink\ST-LINKIII-KEIL_SWO.dll V3.0.9.0
Dialog DLL:      TCM.DLL V1.53.0.0
 
<h2>Project:</h2>
C:\Users\28197\Desktop\计设\代码\嵌入式代码\UpperComputer_Controller\Project.uvprojx
Project File Date:  04/04/2023

<h2>Output:</h2>
*** Using Compiler 'V5.06 update 7 (build 960)', folder: 'C:\Keil_v5\ARM\ARMCC\Bin'
Build target 'Target 1'
compiling usart.c...
compiling timer.c...
compiling iwdg.c...
compiling Key.c...
compiling sys.c...
compiling delay.c...
compiling vl53l0x_i2c.c...
compiling stm32_i2c.c...
compiling main.c...
.\vl53l0x\vl53l0.h(28): warning:  #1295-D: Deprecated declaration vl53l0x_getdistance - give arg types
  void vl53l0x_getdistance();
.\System\L298N.h(3): warning:  #1295-D: Deprecated declaration L298N_Init - give arg types
  void L298N_Init();
.\System\LED.h(3): warning:  #1295-D: Deprecated declaration Led_G - give arg types
  void Led_G();
.\System\LED.h(4): warning:  #1295-D: Deprecated declaration Led_Y - give arg types
  void Led_Y();
.\System\LED.h(5): warning:  #1295-D: Deprecated declaration Led_Init - give arg types
  void Led_Init();
.\System\LED.h(6): warning:  #1295-D: Deprecated declaration Led_R - give arg types
  void Led_R();
.\System\LED.h(7): warning:  #1295-D: Deprecated declaration Led_out - give arg types
  void Led_out();
.\System\LED.h(8): warning:  #1295-D: Deprecated declaration Led_twinkle - give arg types
   void Led_twinkle();
User\main.c(19): warning:  #1295-D: Deprecated declaration SendData - give arg types
  void SendData();
User\main.c(20): warning:  #1295-D: Deprecated declaration SendKeyData - give arg types
  void SendKeyData();
User\main.c(21): warning:  #1295-D: Deprecated declaration SendTrainData - give arg types
  void SendTrainData();
User\main.c(22): warning:  #1295-D: Deprecated declaration SendCamraData - give arg types
  void SendCamraData();
User\main.c: 12 warnings, 0 errors
compiling vl53l0x.c...
vl53l0x\vl53l0.h(28): warning:  #1295-D: Deprecated declaration vl53l0x_getdistance - give arg types
  void vl53l0x_getdistance();
vl53l0x\vl53l0x.c(43): warning:  #177-D: variable "j"  was declared but never referenced
  	int i=0,j=0,sum=0;
vl53l0x\vl53l0x.c(191): warning:  #940-D: missing return statement at end of non-void function "vl53l0x_Addr_set" 
  }
vl53l0x\vl53l0x.c(260): warning:  #940-D: missing return statement at end of non-void function "vl53l0x_initX" 
  }
vl53l0x\vl53l0x.c: 4 warnings, 0 errors
linking...
Program Size: Code=20788 RO-data=268 RW-data=796 ZI-data=2764  
FromELF: creating hex file...
".\Objects\Project.axf" - 0 Error(s), 16 Warning(s).

<h2>Software Packages used:</h2>

Package Vendor: Keil
                http://www.keil.com/pack/Keil.STM32F1xx_DFP.2.3.0.pack
                Keil.STM32F1xx_DFP.2.3.0
                STMicroelectronics STM32F1 Series Device Support, Drivers and Examples

<h2>Collection of Component include folders:</h2>
  C:\Keil_v5\ARM\PACK\Keil\STM32F1xx_DFP\2.3.0\Device\Include

<h2>Collection of Component Files used:</h2>
Build Time Elapsed:  00:00:01
</pre>
</body>
</html>
